[06:38:58] [main/WARN] (FabricLoader/Knot) Class path entries reference missing files: D:\Modding\basicrotor\build\resources\client - the game may not load properly!
[06:38:59] [main/INFO] (FabricLoader/GameProvider) Loading Minecraft 26.2 with Fabric Loader 0.19.3
[06:38:59] [main/INFO] (FabricLoader/Mappings) Mappings not present!
[06:38:59] [main/INFO] (FabricLoader) Loading 51 mods:
	- basicrotor-private 1.0.0
	- fabric-api 0.156.0+26.2
	- fabric-api-base 2.0.4+ece063239e
	- fabric-api-lookup-api-v1 2.0.17+11e1c9a39e
	- fabric-biome-api-v1 18.0.6+c7bd5b8e9e
	- fabric-block-api-v1 3.0.3+ec56b6019e
	- fabric-block-getter-api-v2 2.0.7+ec56b6019e
	- fabric-client-gametest-api-v1 6.0.0+515ac5339e
	- fabric-command-api-v2 3.1.0+00cb03469e
	- fabric-content-registries-v0 11.3.0+d0a699d09e
	- fabric-convention-tags-v2 4.7.0+1f023a9e9e
	- fabric-crash-report-info-v1 1.0.5+086d547a9e
	- fabric-creative-tab-api-v1 5.0.14+d871b99e9e
	- fabric-data-attachment-api-v1 2.2.18+515ac5339e
	- fabric-data-generation-api-v1 25.5.0+aed122aa9e
	- fabric-debug-api-v1 1.0.2+c792624d9e
	- fabric-dimensions-v1 5.1.11+515ac5339e
	- fabric-entity-events-v1 5.0.5+06488ac19e
	- fabric-events-interaction-v0 5.2.7+515ac5339e
	- fabric-game-rule-api-v1 4.0.8+46a6d00c9e
	- fabric-gametest-api-v1 4.0.21+4a7fa0819e
	- fabric-item-api-v1 14.4.0+49a69a7b9e
	- fabric-key-mapping-api-v1 2.0.5+e2bdee789e
	- fabric-lifecycle-events-v1 4.1.3+4575b05f9e
	- fabric-loot-api-v3 3.0.17+06488ac19e
	- fabric-menu-api-v1 2.0.16+086d547a9e
	- fabric-message-api-v1 7.0.7+086d547a9e
	- fabric-model-loading-api-v1 8.0.16+c80601bb9e
	- fabric-networking-api-v1 6.3.3+72073ef09e
	- fabric-object-builder-api-v1 24.1.0+6fcd5f039e
	- fabric-particles-v1 5.0.18+d1756aa99e
	- fabric-permission-api-v1 1.0.4+536fad2f9e
	- fabric-recipe-api-v1 9.0.20+11e1c9a39e
	- fabric-registry-sync-v0 7.1.0+c7bd5b8e9e
	- fabric-renderer-api-v1 14.1.3+2b0d8a229e
	- fabric-renderer-indigo 9.1.3+2b0d8a229e
	- fabric-rendering-fluids-v1 6.0.4+06488ac19e
	- fabric-rendering-v1 25.3.2+515ac5339e
	- fabric-resource-conditions-api-v1 6.1.0+10e9a28b9e
	- fabric-resource-loader-v0 3.3.20+4fc5413f9e
	- fabric-resource-loader-v1 2.0.13+9edec1269e
	- fabric-screen-api-v1 5.1.0+48e3c0b09e
	- fabric-serialization-api-v1 2.0.4+11a26f319e
	- fabric-sound-api-v1 2.0.5+11a26f319e
	- fabric-tag-api-v1 2.1.4+515ac5339e
	- fabric-transfer-api-v1 8.0.12+11dbb7d79e
	- fabric-transitive-access-wideners-v1 8.1.4+67c847259e
	- fabricloader 0.19.3
	- java 25
	- minecraft 26.2
	- mixinextras 0.5.4
[06:38:59] [main/INFO] (FabricLoader/Mixin) SpongePowered MIXIN Subsystem Version=0.8.7 Source=file:/C:/Users/HELIOS%20300/.gradle/caches/modules-2/files-2.1/net.fabricmc/sponge-mixin/0.17.3+mixin.0.8.7/41c4a3984a80f4679e759fb9f495587acc5cdac7/sponge-mixin-0.17.3+mixin.0.8.7.jar Service=Knot/Fabric Env=CLIENT
[06:38:59] [main/INFO] (FabricLoader/Mixin) Compatibility level set to JAVA_25
[06:39:00] [main/INFO] (FabricLoader/MixinExtras|Service) Initializing MixinExtras via com.llamalad7.mixinextras.service.MixinExtrasServiceImpl(version=0.5.4).
[06:39:01] [Datafixer Bootstrap #0/INFO] (Minecraft) 295 Datafixer optimizations took 254 milliseconds
[06:39:07] [Render thread/INFO] (Minecraft) Environment: Environment[sessionHost=https://sessionserver.mojang.com, servicesHost=https://api.minecraftservices.com, profilesHost=https://api.mojang.com, name=PROD]
[06:39:07] [Render thread/INFO] (Minecraft) Setting user: Player137
[06:39:08] [Render thread/INFO] (Indigo) [Indigo] Registering Indigo renderer!
[06:39:08] [Render thread/INFO] (Minecraft) Backend library: LWJGL version 3.4.1-snapshot
[06:39:08] [Download-2/ERROR] (Minecraft) Failed to fetch user properties
com.mojang.authlib.exceptions.InvalidCredentialsException: Status: 401
	at knot//com.mojang.authlib.exceptions.MinecraftClientHttpException.toAuthenticationException(MinecraftClientHttpException.java:70)
	at knot//com.mojang.authlib.yggdrasil.YggdrasilUserApiService.fetchProperties(YggdrasilUserApiService.java:173)
	at knot//net.minecraft.client.Minecraft.lambda$new$1(Minecraft.java:438)
	at java.base/java.util.concurrent.CompletableFuture$AsyncSupply.run(CompletableFuture.java:1789)
	at java.base/java.util.concurrent.ThreadPoolExecutor.runWorker(ThreadPoolExecutor.java:1090)
	at java.base/java.util.concurrent.ThreadPoolExecutor$Worker.run(ThreadPoolExecutor.java:614)
	at java.base/java.lang.Thread.run(Thread.java:1474)
Caused by: MinecraftClientHttpException[type=HTTP_ERROR, status=401, response=ErrorResponse[path=/player/attributes, error=null, errorMessage=null, details=null]]
	at knot//com.mojang.authlib.minecraft.client.MinecraftClient.buildHttpException(MinecraftClient.java:170)
	at knot//com.mojang.authlib.minecraft.client.MinecraftClient.readServiceResponse(MinecraftClient.java:147)
	at knot//com.mojang.authlib.minecraft.client.MinecraftClient.getWithEtag(MinecraftClient.java:81)
	at knot//com.mojang.authlib.minecraft.client.MinecraftClient.get(MinecraftClient.java:65)
	at knot//com.mojang.authlib.yggdrasil.YggdrasilUserApiService.fetchProperties(YggdrasilUserApiService.java:123)
	... 5 more
[06:39:09] [Render thread/INFO] (Minecraft) Using graphics backend OpenGL, using drivers: 3.3.0 NVIDIA 595.97
[06:39:09] [Render thread/INFO] (Minecraft) Using graphics device: NVIDIA GeForce RTX 5060/PCIe/SSE2 (NVIDIA Corporation)
[06:39:09] [Render thread/INFO] (Minecraft) Using graphics device extensions: GL_ARB_multi_draw_indirect, GL_ARB_buffer_storage, GL_ARB_shader_draw_parameters, GL_ARB_base_instance, GL_KHR_debug, GL_ARB_draw_indirect, GL_ARB_clip_control, GL_ARB_vertex_attrib_binding, GL_ARB_direct_state_access, GL_EXT_texture_filter_anisotropic
[06:39:10] [Render thread/INFO] (Minecraft) Reloading ResourceManager: vanilla, basicrotor-private, fabric-api, fabric-api-base, fabric-api-lookup-api-v1, fabric-biome-api-v1, fabric-block-api-v1, fabric-block-getter-api-v2, fabric-client-gametest-api-v1, fabric-command-api-v2, fabric-content-registries-v0, fabric-convention-tags-v2, fabric-crash-report-info-v1, fabric-creative-tab-api-v1, fabric-data-attachment-api-v1, fabric-data-generation-api-v1, fabric-debug-api-v1, fabric-dimensions-v1, fabric-entity-events-v1, fabric-events-interaction-v0, fabric-game-rule-api-v1, fabric-gametest-api-v1, fabric-item-api-v1, fabric-key-mapping-api-v1, fabric-lifecycle-events-v1, fabric-loot-api-v3, fabric-menu-api-v1, fabric-message-api-v1, fabric-model-loading-api-v1, fabric-networking-api-v1, fabric-object-builder-api-v1, fabric-particles-v1, fabric-permission-api-v1, fabric-recipe-api-v1, fabric-registry-sync-v0, fabric-renderer-api-v1, fabric-renderer-indigo, fabric-rendering-fluids-v1, fabric-rendering-v1, fabric-resource-conditions-api-v1, fabric-resource-loader-v0, fabric-resource-loader-v1, fabric-screen-api-v1, fabric-serialization-api-v1, fabric-sound-api-v1, fabric-tag-api-v1, fabric-transfer-api-v1, fabric-transitive-access-wideners-v1, fabricloader
[06:39:10] [Download-2/INFO] (Minecraft) Could not authorize you against Realms server: java.lang.RuntimeException: Failed to parse into SignedJWT: FabricMC
[06:39:10] [Download-2/ERROR] (Minecraft) Failed to fetch Realms feature flags
com.mojang.realmsclient.exception.RealmsServiceException: Realms authentication error with message 'java.lang.RuntimeException: Failed to parse into SignedJWT: FabricMC'
	at knot//com.mojang.realmsclient.client.RealmsClient.execute(RealmsClient.java:528)
	at knot//com.mojang.realmsclient.client.RealmsClient.fetchFeatureFlags(RealmsClient.java:187)
	at java.base/java.util.concurrent.CompletableFuture$AsyncSupply.run(CompletableFuture.java:1789)
	at java.base/java.util.concurrent.ThreadPoolExecutor.runWorker(ThreadPoolExecutor.java:1090)
	at java.base/java.util.concurrent.ThreadPoolExecutor$Worker.run(ThreadPoolExecutor.java:614)
	at java.base/java.lang.Thread.run(Thread.java:1474)
[06:39:10] [Worker-Main-10/INFO] (Minecraft) Found unifont_all_no_pua-17.0.01.hex, loading
[06:39:10] [Worker-Main-12/INFO] (Minecraft) Found unifont_pua-17.0.01.hex, loading
[06:39:11] [Worker-Main-6/INFO] (Minecraft) Found unifont_jp_patch-17.0.01.hex, loading
[06:39:12] [Render thread/INFO] (Minecraft) OpenAL initialized on device OpenAL Soft on Edifier MR4 (Realtek High Definition Audio)
[06:39:12] [Render thread/INFO] (Minecraft) Sound engine started
[06:39:12] [Render thread/INFO] (Minecraft) Created: 512x256x0 minecraft:textures/atlas/particles.png-atlas
[06:39:12] [Render thread/INFO] (Minecraft) Created: 128x128x0 minecraft:textures/atlas/decorated_pot.png-atlas
[06:39:12] [Render thread/INFO] (Minecraft) Created: 2048x1024x0 minecraft:textures/atlas/armor_trims.png-atlas
[06:39:12] [Render thread/INFO] (Minecraft) Created: 512x256x0 minecraft:textures/atlas/paintings.png-atlas
[06:39:12] [Render thread/INFO] (Minecraft) Created: 1024x512x0 minecraft:textures/atlas/shield_patterns.png-atlas
[06:39:12] [Render thread/INFO] (Minecraft) Created: 2048x2048x4 minecraft:textures/atlas/blocks.png-atlas
[06:39:12] [Render thread/INFO] (Minecraft) Created: 512x512x0 minecraft:textures/atlas/chest.png-atlas
[06:39:12] [Render thread/INFO] (Minecraft) Created: 256x128x0 minecraft:textures/atlas/celestials.png-atlas
[06:39:12] [Render thread/INFO] (Minecraft) Created: 1024x512x0 minecraft:textures/atlas/banner_patterns.png-atlas
[06:39:12] [Render thread/INFO] (Minecraft) Created: 1024x512x0 minecraft:textures/atlas/items.png-atlas
[06:39:12] [Render thread/INFO] (Minecraft) Created: 1024x1024x0 minecraft:textures/atlas/gui.png-atlas
[06:39:12] [Render thread/INFO] (Minecraft) Created: 128x64x0 minecraft:textures/atlas/map_decorations.png-atlas
[06:39:12] [Render thread/INFO] (Minecraft) Created: 512x512x0 minecraft:textures/atlas/shulker_boxes.png-atlas
[06:39:13] [Download-2/INFO] (Minecraft) Could not authorize you against Realms server: java.lang.RuntimeException: Failed to parse into SignedJWT: FabricMC
[06:39:13] [Download-2/ERROR] (Minecraft) Couldn't connect to realms
com.mojang.realmsclient.exception.RealmsServiceException: Realms authentication error with message 'java.lang.RuntimeException: Failed to parse into SignedJWT: FabricMC'
	at knot//com.mojang.realmsclient.client.RealmsClient.execute(RealmsClient.java:528)
	at knot//com.mojang.realmsclient.client.RealmsClient.clientCompatible(RealmsClient.java:308)
	at knot//com.mojang.realmsclient.RealmsAvailability.lambda$check$0(RealmsAvailability.java:48)
	at java.base/java.util.concurrent.CompletableFuture$AsyncSupply.run(CompletableFuture.java:1789)
	at java.base/java.util.concurrent.ThreadPoolExecutor.runWorker(ThreadPoolExecutor.java:1090)
	at java.base/java.util.concurrent.ThreadPoolExecutor$Worker.run(ThreadPoolExecutor.java:614)
	at java.base/java.lang.Thread.run(Thread.java:1474)
[06:39:16] [Render thread/INFO] (Minecraft) Loaded 1585 recipes
[06:39:16] [Render thread/INFO] (Minecraft) Loaded 1688 advancements
[06:39:17] [Render thread/INFO] (BiomeModificationImpl) Applied 0 biome modifications to 0 of 66 new biomes in 904.5 μs
[06:39:17] [Server thread/INFO] (Minecraft) Starting integrated minecraft server version 26.2
[06:39:17] [Server thread/INFO] (Minecraft) Generating keypair
[06:39:17] [Server thread/INFO] (Minecraft) Loading 0 persistent chunks...
[06:39:17] [Server thread/INFO] (Minecraft) Saving chunks for level 'ServerLevel[New World]'/minecraft:overworld
[06:39:17] [Server thread/INFO] (Minecraft) Saving chunks for level 'ServerLevel[New World]'/minecraft:the_end
[06:39:17] [Server thread/INFO] (Minecraft) Saving chunks for level 'ServerLevel[New World]'/minecraft:the_nether
[06:39:17] [Server thread/INFO] (Minecraft) ThreadedAnvilChunkStorage (world): All chunks are saved
[06:39:17] [Server thread/INFO] (Minecraft) ThreadedAnvilChunkStorage (DIM1): All chunks are saved
[06:39:17] [Server thread/INFO] (Minecraft) ThreadedAnvilChunkStorage (DIM-1): All chunks are saved
[06:39:17] [Server thread/INFO] (Minecraft) ThreadedAnvilChunkStorage: All dimensions are saved
[06:39:17] [Server thread/INFO] (Minecraft) Loading 49 chunks for player spawn...
[06:39:17] [Server thread/INFO] (Minecraft) Đang chuẩn bị khu vực sinh ra: 16%
[06:39:17] [Server thread/INFO] (Minecraft) Đang chuẩn bị khu vực sinh ra: 16%
[06:39:17] [Server thread/INFO] (Minecraft) Time elapsed: 552 ms
[06:39:17] [Server thread/INFO] (Minecraft) Player137[local:E:626c3483] logged in with entity id 28 at (11.183501345620854, -57.46707172465511, -20.54271648427759)
[06:39:18] [Server thread/INFO] (Minecraft) Player137 đã tham gia trò chơi
[06:39:18] [Server thread/INFO] (Minecraft) [STDOUT]: State = STARTING | Speed = 0.2
[06:39:18] [Server thread/INFO] (Minecraft) Changing view distance to 2, from 10
[06:39:18] [Render thread/INFO] (Minecraft) Resizing Dynamic Transforms UBO, capacity limit of 2 reached during a single frame. New capacity will be 4.
[06:39:18] [Server thread/INFO] (Minecraft) Changing simulation distance to 5, from 0
[06:39:18] [Server thread/INFO] (Minecraft) [STDOUT]: State = STARTING | Speed = 0.4
[06:39:18] [Server thread/INFO] (Minecraft) [STDOUT]: State = STARTING | Speed = 0.6
[06:39:18] [Render thread/INFO] (Minecraft) Loaded 9 advancements
[06:39:18] [Server thread/INFO] (Minecraft) [STDOUT]: State = STARTING | Speed = 0.8
[06:39:18] [Server thread/INFO] (Minecraft) [STDOUT]: State = STARTING | Speed = 1.0
[06:39:18] [Render thread/INFO] (Minecraft) Resizing Dynamic Transforms UBO, capacity limit of 4 reached during a single frame. New capacity will be 8.
[06:39:18] [Server thread/INFO] (Minecraft) [STDOUT]: State = STARTING | Speed = 1.2
[06:39:18] [Render thread/INFO] (Minecraft) Resizing Dynamic Transforms UBO, capacity limit of 8 reached during a single frame. New capacity will be 16.
[06:39:18] [Server thread/INFO] (Minecraft) [STDOUT]: State = STARTING | Speed = 1.4000001
[06:39:18] [Server thread/INFO] (Minecraft) [STDOUT]: State = STARTING | Speed = 1.6000001
[06:39:18] [Render thread/INFO] (Minecraft) Resizing Chunk Sections UBO, capacity limit of 2 reached during a single frame. New capacity will be 4.
[06:39:18] [Server thread/INFO] (Minecraft) [STDOUT]: State = STARTING | Speed = 1.8000002
[06:39:18] [Render thread/INFO] (Minecraft) Resizing Chunk Sections UBO, capacity limit of 4 reached during a single frame. New capacity will be 8.
[06:39:18] [Render thread/INFO] (Minecraft) Resizing Chunk Sections UBO, capacity limit of 8 reached during a single frame. New capacity will be 16.
[06:39:18] [Server thread/INFO] (Minecraft) [STDOUT]: State = STARTING | Speed = 2.0000002
[06:39:18] [Render thread/INFO] (Minecraft) Resizing Chunk Sections UBO, capacity limit of 16 reached during a single frame. New capacity will be 32.
[06:39:18] [Download-2/ERROR] (Minecraft) Failed to retrieve profile key pair
MinecraftClientHttpException[type=HTTP_ERROR, status=401, response=ErrorResponse[path=/player/certificates, error=null, errorMessage=null, details=null]]
	at knot//com.mojang.authlib.minecraft.client.MinecraftClient.buildHttpException(MinecraftClient.java:170)
	at knot//com.mojang.authlib.minecraft.client.MinecraftClient.readServiceResponse(MinecraftClient.java:147)
	at knot//com.mojang.authlib.minecraft.client.MinecraftClient.post(MinecraftClient.java:89)
	at knot//com.mojang.authlib.yggdrasil.YggdrasilUserApiService.getKeyPair(YggdrasilUserApiService.java:62)
	at knot//net.minecraft.client.multiplayer.AccountProfileKeyPairManager.fetchProfileKeyPair(AccountProfileKeyPairManager.java:128)
	at knot//net.minecraft.client.multiplayer.AccountProfileKeyPairManager.lambda$readOrFetchProfileKeyPair$0(AccountProfileKeyPairManager.java:77)
	at java.base/java.util.concurrent.CompletableFuture$AsyncSupply.run(CompletableFuture.java:1789)
	at java.base/java.util.concurrent.ThreadPoolExecutor.runWorker(ThreadPoolExecutor.java:1090)
	at java.base/java.util.concurrent.ThreadPoolExecutor$Worker.run(ThreadPoolExecutor.java:614)
	at java.base/java.lang.Thread.run(Thread.java:1474)
[06:39:18] [Server thread/INFO] (Minecraft) [STDOUT]: State = STARTING | Speed = 2.2000003
[06:39:18] [Server thread/INFO] (Minecraft) [STDOUT]: State = STARTING | Speed = 2.4000003
[06:39:18] [Server thread/INFO] (Minecraft) [STDOUT]: State = STARTING | Speed = 2.6000004
[06:39:18] [Server thread/INFO] (Minecraft) [STDOUT]: State = STARTING | Speed = 2.8000004
[06:39:18] [Server thread/INFO] (Minecraft) [STDOUT]: State = STARTING | Speed = 3.0000005
[06:39:18] [Server thread/INFO] (Minecraft) [STDOUT]: State = STARTING | Speed = 3.2000005
[06:39:18] [Server thread/INFO] (Minecraft) [STDOUT]: State = STARTING | Speed = 3.4000006
[06:39:18] [Server thread/INFO] (Minecraft) [STDOUT]: State = STARTING | Speed = 3.6000006
[06:39:18] [Server thread/INFO] (Minecraft) [STDOUT]: State = STARTING | Speed = 3.8000007
[06:39:18] [Server thread/INFO] (Minecraft) [STDOUT]: State = STARTING | Speed = 4.0000005
[06:39:18] [Server thread/INFO] (Minecraft) [STDOUT]: State = STARTING | Speed = 4.2000003
[06:39:18] [Server thread/INFO] (Minecraft) [STDOUT]: State = STARTING | Speed = 4.4
[06:39:19] [Server thread/INFO] (Minecraft) [STDOUT]: State = STARTING | Speed = 4.6
[06:39:19] [Server thread/INFO] (Minecraft) [STDOUT]: State = STARTING | Speed = 4.7999997
[06:39:19] [Server thread/INFO] (Minecraft) [STDOUT]: State = STARTING | Speed = 4.9999995
[06:39:19] [Server thread/INFO] (Minecraft) [STDOUT]: State = STARTING | Speed = 5.1999993
[06:39:21] [Server thread/INFO] (Minecraft) [STDOUT]: State = STARTING | Speed = 0.2
[06:39:21] [Server thread/INFO] (Minecraft) [STDOUT]: State = STARTING | Speed = 0.4
[06:39:21] [Server thread/INFO] (Minecraft) [STDOUT]: State = STARTING | Speed = 0.6
[06:39:21] [Server thread/INFO] (Minecraft) [STDOUT]: State = STARTING | Speed = 0.8
[06:39:21] [Server thread/INFO] (Minecraft) [STDOUT]: State = STARTING | Speed = 1.0
[06:39:21] [Server thread/INFO] (Minecraft) [STDOUT]: State = STARTING | Speed = 1.2
[06:39:21] [Server thread/INFO] (Minecraft) [STDOUT]: State = STARTING | Speed = 1.4000001
[06:39:21] [Server thread/INFO] (Minecraft) [STDOUT]: State = STARTING | Speed = 1.6000001
[06:39:21] [Server thread/INFO] (Minecraft) [STDOUT]: State = STARTING | Speed = 1.8000002
[06:39:21] [Server thread/INFO] (Minecraft) [STDOUT]: State = STARTING | Speed = 2.0000002
[06:39:21] [Server thread/INFO] (Minecraft) [STDOUT]: State = STARTING | Speed = 2.2000003
[06:39:21] [Server thread/INFO] (Minecraft) [STDOUT]: State = STARTING | Speed = 2.4000003
[06:39:21] [Server thread/INFO] (Minecraft) [STDOUT]: State = STARTING | Speed = 2.6000004
[06:39:21] [Server thread/INFO] (Minecraft) [STDOUT]: State = STARTING | Speed = 2.8000004
[06:39:21] [Server thread/INFO] (Minecraft) [STDOUT]: State = STARTING | Speed = 3.0000005
[06:39:22] [Server thread/INFO] (Minecraft) [STDOUT]: State = STARTING | Speed = 3.2000005
[06:39:22] [Server thread/INFO] (Minecraft) [STDOUT]: State = STARTING | Speed = 3.4000006
[06:39:22] [Server thread/INFO] (Minecraft) [STDOUT]: State = STARTING | Speed = 3.6000006
[06:39:22] [Server thread/INFO] (Minecraft) [STDOUT]: State = STARTING | Speed = 3.8000007
[06:39:22] [Server thread/INFO] (Minecraft) [STDOUT]: State = STARTING | Speed = 4.0000005
[06:39:22] [Server thread/INFO] (Minecraft) [STDOUT]: State = STARTING | Speed = 4.2000003
[06:39:22] [Server thread/INFO] (Minecraft) [STDOUT]: State = STARTING | Speed = 4.4
[06:39:22] [Server thread/INFO] (Minecraft) [STDOUT]: State = STARTING | Speed = 4.6
[06:39:22] [Server thread/INFO] (Minecraft) [STDOUT]: State = STARTING | Speed = 4.7999997
[06:39:22] [Server thread/INFO] (Minecraft) [STDOUT]: State = STARTING | Speed = 4.9999995
[06:39:22] [Server thread/INFO] (Minecraft) [STDOUT]: State = STARTING | Speed = 5.1999993
[06:39:22] [Server thread/INFO] (Minecraft) [STDOUT]: State = STARTING | Speed = 5.399999
[06:39:22] [Server thread/INFO] (Minecraft) [STDOUT]: State = STARTING | Speed = 5.599999
[06:39:22] [Server thread/INFO] (Minecraft) [STDOUT]: State = STARTING | Speed = 5.7999988
[06:39:22] [Server thread/INFO] (Minecraft) [STDOUT]: State = STARTING | Speed = 5.9999986
[06:39:22] [Server thread/INFO] (Minecraft) [STDOUT]: State = STARTING | Speed = 6.1999984
[06:39:22] [Server thread/INFO] (Minecraft) [STDOUT]: State = STARTING | Speed = 6.399998
[06:39:23] [Server thread/INFO] (Minecraft) [STDOUT]: State = STOPPED | Speed = 0.0
[06:39:23] [Server thread/INFO] (Minecraft) [STDOUT]: State = STOPPED | Speed = 0.0
[06:39:23] [Server thread/INFO] (Minecraft) [STDOUT]: State = STOPPED | Speed = 0.0
[06:39:23] [Server thread/INFO] (Minecraft) [STDOUT]: State = STOPPED | Speed = 0.0
[06:39:23] [Server thread/INFO] (Minecraft) [STDOUT]: State = STOPPED | Speed = 0.0
[06:39:23] [Server thread/INFO] (Minecraft) [STDOUT]: State = STOPPED | Speed = 0.0
[06:39:23] [Server thread/INFO] (Minecraft) [STDOUT]: State = STOPPED | Speed = 0.0
[06:39:23] [Server thread/INFO] (Minecraft) [STDOUT]: State = STOPPED | Speed = 0.0
[06:39:23] [Server thread/INFO] (Minecraft) [STDOUT]: State = STOPPED | Speed = 0.0
[06:39:23] [Server thread/INFO] (Minecraft) [STDOUT]: State = STOPPED | Speed = 0.0
[06:39:23] [Server thread/INFO] (Minecraft) [STDOUT]: State = STOPPED | Speed = 0.0
[06:39:23] [Server thread/INFO] (Minecraft) [STDOUT]: State = STOPPED | Speed = 0.0
[06:39:23] [Server thread/INFO] (Minecraft) [STDOUT]: State = STOPPED | Speed = 0.0
[06:39:24] [Server thread/INFO] (Minecraft) [STDOUT]: State = STOPPED | Speed = 0.0
[06:39:24] [Server thread/INFO] (Minecraft) [STDOUT]: State = STOPPED | Speed = 0.0
[06:39:24] [Server thread/INFO] (Minecraft) [STDOUT]: State = STOPPED | Speed = 0.0
[06:39:24] [Server thread/INFO] (Minecraft) [STDOUT]: State = STOPPED | Speed = 0.0
[06:39:24] [Server thread/INFO] (Minecraft) [STDOUT]: State = STOPPED | Speed = 0.0
[06:39:24] [Server thread/INFO] (Minecraft) [STDOUT]: State = STOPPED | Speed = 0.0
[06:39:24] [Server thread/INFO] (Minecraft) [STDOUT]: State = STOPPED | Speed = 0.0
[06:39:24] [Server thread/INFO] (Minecraft) [STDOUT]: State = STOPPED | Speed = 0.0
[06:39:24] [Server thread/INFO] (Minecraft) [STDOUT]: State = STOPPED | Speed = 0.0
[06:39:24] [Server thread/INFO] (Minecraft) [STDOUT]: State = STOPPED | Speed = 0.0
[06:39:24] [Server thread/INFO] (Minecraft) [STDOUT]: State = STOPPED | Speed = 0.0
[06:39:24] [Server thread/INFO] (Minecraft) [STDOUT]: State = STOPPED | Speed = 0.0
[06:39:24] [Server thread/INFO] (Minecraft) [STDOUT]: State = STOPPED | Speed = 0.0
[06:39:24] [Server thread/INFO] (Minecraft) [STDOUT]: State = STOPPED | Speed = 0.0
[06:39:24] [Server thread/INFO] (Minecraft) [STDOUT]: State = STOPPED | Speed = 0.0
[06:39:24] [Server thread/INFO] (Minecraft) [STDOUT]: State = STOPPED | Speed = 0.0
[06:39:24] [Server thread/INFO] (Minecraft) [STDOUT]: State = STOPPED | Speed = 0.0
[06:39:24] [Server thread/INFO] (Minecraft) [STDOUT]: State = STOPPED | Speed = 0.0
[06:39:24] [Server thread/INFO] (Minecraft) [STDOUT]: State = STOPPED | Speed = 0.0
[06:39:24] [Server thread/INFO] (Minecraft) [STDOUT]: State = STOPPED | Speed = 0.0
[06:39:25] [Server thread/INFO] (Minecraft) [STDOUT]: State = STOPPED | Speed = 0.0
[06:39:25] [Server thread/INFO] (Minecraft) [STDOUT]: State = STOPPED | Speed = 0.0
[06:39:25] [Server thread/INFO] (Minecraft) [STDOUT]: State = STOPPED | Speed = 0.0
[06:39:25] [Server thread/INFO] (Minecraft) [STDOUT]: State = STOPPED | Speed = 0.0
[06:39:25] [Server thread/INFO] (Minecraft) [STDOUT]: State = STOPPED | Speed = 0.0
[06:39:25] [Server thread/INFO] (Minecraft) [STDOUT]: State = STOPPED | Speed = 0.0
[06:39:25] [Server thread/INFO] (Minecraft) [STDOUT]: State = STOPPED | Speed = 0.0
[06:39:25] [Server thread/INFO] (Minecraft) [STDOUT]: State = STOPPED | Speed = 0.0
[06:39:25] [Server thread/INFO] (Minecraft) [STDOUT]: State = STOPPED | Speed = 0.0
[06:39:25] [Server thread/INFO] (Minecraft) [STDOUT]: State = STOPPED | Speed = 0.0
[06:39:25] [Server thread/INFO] (Minecraft) [STDOUT]: State = STOPPED | Speed = 0.0
[06:39:25] [Server thread/INFO] (Minecraft) [STDOUT]: State = STOPPED | Speed = 0.0
[06:39:25] [Server thread/INFO] (Minecraft) [STDOUT]: State = STOPPED | Speed = 0.0
[06:39:25] [Server thread/INFO] (Minecraft) [STDOUT]: State = STOPPED | Speed = 0.0
[06:39:25] [Server thread/INFO] (Minecraft) [STDOUT]: State = STOPPED | Speed = 0.0
[06:39:25] [Server thread/INFO] (Minecraft) [STDOUT]: State = STOPPED | Speed = 0.0
[06:39:25] [Server thread/INFO] (Minecraft) [STDOUT]: State = STOPPED | Speed = 0.0
[06:39:25] [Server thread/INFO] (Minecraft) [STDOUT]: State = STOPPED | Speed = 0.0
[06:39:25] [Server thread/INFO] (Minecraft) [STDOUT]: State = STOPPED | Speed = 0.0
[06:39:25] [Server thread/INFO] (Minecraft) [STDOUT]: State = STOPPED | Speed = 0.0
[06:39:26] [Server thread/INFO] (Minecraft) [STDOUT]: State = STOPPED | Speed = 0.0
[06:39:26] [Server thread/INFO] (Minecraft) [STDOUT]: State = STOPPED | Speed = 0.0
[06:39:26] [Server thread/INFO] (Minecraft) [STDOUT]: State = STOPPED | Speed = 0.0
[06:39:26] [Server thread/INFO] (Minecraft) [STDOUT]: State = STOPPED | Speed = 0.0
[06:39:26] [Server thread/INFO] (Minecraft) [STDOUT]: State = STOPPED | Speed = 0.0
[06:39:26] [Server thread/INFO] (Minecraft) [STDOUT]: State = STOPPED | Speed = 0.0
[06:39:26] [Server thread/INFO] (Minecraft) [STDOUT]: State = STOPPED | Speed = 0.0
[06:39:26] [Server thread/INFO] (Minecraft) [STDOUT]: State = STOPPED | Speed = 0.0
[06:39:26] [Server thread/INFO] (Minecraft) [STDOUT]: State = STOPPED | Speed = 0.0
[06:39:26] [Server thread/INFO] (Minecraft) [STDOUT]: State = STOPPED | Speed = 0.0
[06:39:26] [Server thread/INFO] (Minecraft) [STDOUT]: State = STOPPED | Speed = 0.0
[06:39:26] [Server thread/INFO] (Minecraft) [STDOUT]: State = STOPPED | Speed = 0.0
[06:39:26] [Server thread/INFO] (Minecraft) [STDOUT]: State = STOPPED | Speed = 0.0
[06:39:26] [Server thread/INFO] (Minecraft) [STDOUT]: State = STOPPED | Speed = 0.0
[06:39:26] [Server thread/INFO] (Minecraft) [STDOUT]: State = STOPPED | Speed = 0.0
[06:39:26] [Server thread/INFO] (Minecraft) [STDOUT]: State = STOPPED | Speed = 0.0
[06:39:26] [Server thread/INFO] (Minecraft) [STDOUT]: State = STOPPED | Speed = 0.0
[06:39:26] [Server thread/INFO] (Minecraft) [STDOUT]: State = STOPPED | Speed = 0.0
[06:39:26] [Server thread/INFO] (Minecraft) [STDOUT]: State = STOPPED | Speed = 0.0
[06:39:26] [Server thread/INFO] (Minecraft) [STDOUT]: State = STOPPED | Speed = 0.0
[06:39:27] [Server thread/INFO] (Minecraft) [STDOUT]: State = STOPPED | Speed = 0.0
[06:39:27] [Server thread/INFO] (Minecraft) [STDOUT]: State = STOPPED | Speed = 0.0
[06:39:27] [Server thread/INFO] (Minecraft) [STDOUT]: State = STOPPED | Speed = 0.0
[06:39:27] [Server thread/INFO] (Minecraft) [STDOUT]: State = STOPPED | Speed = 0.0
[06:39:27] [Server thread/INFO] (Minecraft) [STDOUT]: State = STOPPED | Speed = 0.0
[06:39:27] [Server thread/INFO] (Minecraft) [STDOUT]: State = STOPPED | Speed = 0.0
[06:39:27] [Server thread/INFO] (Minecraft) [STDOUT]: State = STOPPED | Speed = 0.0
[06:39:27] [Server thread/INFO] (Minecraft) [STDOUT]: State = STOPPED | Speed = 0.0
[06:39:27] [Server thread/INFO] (Minecraft) [STDOUT]: State = STOPPED | Speed = 0.0
[06:39:27] [Server thread/INFO] (Minecraft) [STDOUT]: State = STOPPED | Speed = 0.0
[06:39:27] [Server thread/INFO] (Minecraft) [STDOUT]: State = STOPPED | Speed = 0.0
[06:39:27] [Server thread/INFO] (Minecraft) [STDOUT]: State = STOPPED | Speed = 0.0
[06:39:27] [Server thread/INFO] (Minecraft) [STDOUT]: State = STOPPED | Speed = 0.0
[06:39:27] [Server thread/INFO] (Minecraft) [STDOUT]: State = STOPPED | Speed = 0.0
[06:39:27] [Server thread/INFO] (Minecraft) [STDOUT]: State = STOPPED | Speed = 0.0
[06:39:27] [Server thread/INFO] (Minecraft) [STDOUT]: State = STOPPED | Speed = 0.0
[06:39:27] [Server thread/INFO] (Minecraft) [STDOUT]: State = STOPPED | Speed = 0.0
[06:39:27] [Server thread/INFO] (Minecraft) [STDOUT]: State = STOPPED | Speed = 0.0
[06:39:27] [Server thread/INFO] (Minecraft) [STDOUT]: State = STOPPED | Speed = 0.0
[06:39:27] [Server thread/INFO] (Minecraft) [STDOUT]: State = STOPPED | Speed = 0.0
[06:39:28] [Server thread/INFO] (Minecraft) [STDOUT]: State = STOPPED | Speed = 0.0
[06:39:28] [Server thread/INFO] (Minecraft) [STDOUT]: State = STOPPED | Speed = 0.0
[06:39:28] [Server thread/INFO] (Minecraft) [STDOUT]: State = STOPPED | Speed = 0.0
[06:39:28] [Server thread/INFO] (Minecraft) [STDOUT]: State = STOPPED | Speed = 0.0
[06:39:28] [Server thread/INFO] (Minecraft) [STDOUT]: State = STOPPED | Speed = 0.0
[06:39:28] [Server thread/INFO] (Minecraft) [STDOUT]: State = STOPPED | Speed = 0.0
[06:39:28] [Server thread/INFO] (Minecraft) [STDOUT]: State = STOPPED | Speed = 0.0
[06:39:28] [Render thread/INFO] (Minecraft) [System] [CHAT] Đã chọn rotor.
[06:39:28] [Server thread/INFO] (Minecraft) [STDOUT]: State = STOPPED | Speed = 0.0
[06:39:28] [Server thread/INFO] (Minecraft) [STDOUT]: State = STOPPED | Speed = 0.0
[06:39:28] [Server thread/INFO] (Minecraft) [STDOUT]: State = STOPPED | Speed = 0.0
[06:39:28] [Server thread/INFO] (Minecraft) [STDOUT]: State = STOPPED | Speed = 0.0
[06:39:28] [Server thread/INFO] (Minecraft) [STDOUT]: State = STOPPED | Speed = 0.0
[06:39:28] [Server thread/INFO] (Minecraft) [STDOUT]: State = STOPPED | Speed = 0.0
[06:39:28] [Render thread/INFO] (Minecraft) [System] [CHAT] Đã chọn Len nâu.
[06:39:28] [Server thread/INFO] (Minecraft) [STDOUT]: State = STOPPED | Speed = 0.0
[06:39:28] [Server thread/INFO] (Minecraft) [STDOUT]: State = STOPPED | Speed = 0.0
[06:39:28] [Server thread/INFO] (Minecraft) [STDOUT]: State = STOPPED | Speed = 0.0
[06:39:28] [Server thread/INFO] (Minecraft) [STDOUT]: State = STOPPED | Speed = 0.0
[06:39:28] [Server thread/INFO] (Minecraft) [STDOUT]: State = STOPPED | Speed = 0.0
[06:39:28] [Server thread/INFO] (Minecraft) [STDOUT]: State = STOPPED | Speed = 0.0
[06:39:28] [Server thread/INFO] (Minecraft) [STDOUT]: State = STOPPED | Speed = 0.0
[06:39:29] [Server thread/INFO] (Minecraft) [STDOUT]: State = STOPPED | Speed = 0.0
[06:39:29] [Server thread/INFO] (Minecraft) [STDOUT]: State = STOPPED | Speed = 0.0
[06:39:29] [Render thread/INFO] (Minecraft) [System] [CHAT] Đã tạo assembly.
[06:39:29] [Server thread/INFO] (Minecraft) [STDOUT]: State = STOPPED | Speed = 0.0
[06:39:29] [Server thread/INFO] (Minecraft) [STDOUT]: State = STOPPED | Speed = 0.0
[06:39:29] [Server thread/INFO] (Minecraft) [STDOUT]: State = STOPPED | Speed = 0.0
[06:39:29] [Server thread/INFO] (Minecraft) [STDOUT]: State = STOPPED | Speed = 0.0
[06:39:29] [Server thread/INFO] (Minecraft) [STDOUT]: State = STOPPED | Speed = 0.0
[06:39:29] [Server thread/INFO] (Minecraft) [STDOUT]: State = STOPPED | Speed = 0.0
[06:39:29] [Server thread/INFO] (Minecraft) [STDOUT]: State = STOPPED | Speed = 0.0
[06:39:29] [Server thread/INFO] (Minecraft) [STDOUT]: State = STOPPED | Speed = 0.0
[06:39:29] [Server thread/INFO] (Minecraft) [STDOUT]: State = STOPPED | Speed = 0.0
[06:39:29] [Server thread/INFO] (Minecraft) [STDOUT]: State = STOPPED | Speed = 0.0
[06:39:29] [Server thread/INFO] (Minecraft) [STDOUT]: State = STOPPED | Speed = 0.0
[06:39:29] [Server thread/INFO] (Minecraft) [STDOUT]: State = STOPPED | Speed = 0.0
[06:39:29] [Server thread/INFO] (Minecraft) [STDOUT]: State = STOPPED | Speed = 0.0
[06:39:29] [Server thread/INFO] (Minecraft) [STDOUT]: State = STOPPED | Speed = 0.0
[06:39:29] [Server thread/INFO] (Minecraft) [STDOUT]: State = STOPPED | Speed = 0.0
[06:39:29] [Server thread/INFO] (Minecraft) [STDOUT]: State = STOPPED | Speed = 0.0
[06:39:29] [Server thread/INFO] (Minecraft) [STDOUT]: State = STOPPED | Speed = 0.0
[06:39:29] [Server thread/INFO] (Minecraft) [STDOUT]: State = STOPPED | Speed = 0.0
[06:39:30] [Server thread/INFO] (Minecraft) [STDOUT]: State = STOPPED | Speed = 0.0
[06:39:30] [Server thread/INFO] (Minecraft) [STDOUT]: State = STOPPED | Speed = 0.0
[06:39:30] [Server thread/INFO] (Minecraft) [STDOUT]: State = STOPPED | Speed = 0.0
[06:39:30] [Server thread/INFO] (Minecraft) [STDOUT]: State = STOPPED | Speed = 0.0
[06:39:30] [Server thread/INFO] (Minecraft) [STDOUT]: State = STOPPED | Speed = 0.0
[06:39:30] [Server thread/INFO] (Minecraft) [STDOUT]: State = STOPPED | Speed = 0.0
[06:39:30] [Server thread/INFO] (Minecraft) [STDOUT]: State = STOPPED | Speed = 0.0
[06:39:30] [Server thread/INFO] (Minecraft) [STDOUT]: State = STOPPED | Speed = 0.0
[06:39:30] [Server thread/INFO] (Minecraft) [STDOUT]: State = STOPPED | Speed = 0.0
[06:39:30] [Server thread/INFO] (Minecraft) [STDOUT]: State = STOPPED | Speed = 0.0
[06:39:30] [Server thread/INFO] (Minecraft) [STDOUT]: State = STOPPED | Speed = 0.0
[06:39:30] [Server thread/INFO] (Minecraft) [STDOUT]: State = STOPPED | Speed = 0.0
[06:39:30] [Server thread/INFO] (Minecraft) [STDOUT]: State = STOPPED | Speed = 0.0
[06:39:30] [Server thread/INFO] (Minecraft) [STDOUT]: State = STOPPED | Speed = 0.0
[06:39:30] [Server thread/INFO] (Minecraft) [STDOUT]: State = STOPPED | Speed = 0.0
[06:39:30] [Server thread/INFO] (Minecraft) [STDOUT]: State = STOPPED | Speed = 0.0
[06:39:30] [Server thread/INFO] (Minecraft) [STDOUT]: State = STARTING | Speed = 0.2
[06:39:30] [Server thread/INFO] (Minecraft) [STDOUT]: State = STARTING | Speed = 0.4
[06:39:30] [Server thread/INFO] (Minecraft) [STDOUT]: State = STARTING | Speed = 0.6
[06:39:30] [Server thread/INFO] (Minecraft) [STDOUT]: State = STARTING | Speed = 0.8
[06:39:31] [Server thread/INFO] (Minecraft) [STDOUT]: State = STARTING | Speed = 1.0
[06:39:31] [Server thread/INFO] (Minecraft) [STDOUT]: State = STARTING | Speed = 1.2
[06:39:31] [Server thread/INFO] (Minecraft) [STDOUT]: State = STARTING | Speed = 1.4000001
[06:39:31] [Server thread/INFO] (Minecraft) [STDOUT]: State = STARTING | Speed = 1.6000001
[06:39:31] [Server thread/INFO] (Minecraft) [STDOUT]: State = STARTING | Speed = 1.8000002
[06:39:31] [Server thread/INFO] (Minecraft) [STDOUT]: State = STARTING | Speed = 2.0000002
[06:39:31] [Server thread/INFO] (Minecraft) [STDOUT]: State = STARTING | Speed = 2.2000003
[06:39:31] [Server thread/INFO] (Minecraft) [STDOUT]: State = STARTING | Speed = 2.4000003
[06:39:31] [Server thread/INFO] (Minecraft) [STDOUT]: State = STARTING | Speed = 2.6000004
[06:39:31] [Server thread/INFO] (Minecraft) [STDOUT]: State = STARTING | Speed = 2.8000004
[06:39:31] [Server thread/INFO] (Minecraft) [STDOUT]: State = STARTING | Speed = 3.0000005
[06:39:31] [Server thread/INFO] (Minecraft) [STDOUT]: State = STARTING | Speed = 3.2000005
[06:39:31] [Server thread/INFO] (Minecraft) [STDOUT]: State = STARTING | Speed = 3.4000006
[06:39:31] [Server thread/INFO] (Minecraft) [STDOUT]: State = STARTING | Speed = 3.6000006
[06:39:31] [Server thread/INFO] (Minecraft) [STDOUT]: State = STARTING | Speed = 3.8000007
[06:39:31] [Server thread/INFO] (Minecraft) [STDOUT]: State = STARTING | Speed = 4.0000005
[06:39:31] [Render thread/INFO] (Minecraft) [STDOUT]: [BasicRotor] target=42.000004, render=42.400005, step=4.0
[06:39:31] [Server thread/INFO] (Minecraft) [STDOUT]: State = STARTING | Speed = 4.2000003
[06:39:31] [Server thread/INFO] (Minecraft) [STDOUT]: State = STARTING | Speed = 4.4
[06:39:31] [Server thread/INFO] (Minecraft) [STDOUT]: State = STARTING | Speed = 4.6
[06:39:31] [Server thread/INFO] (Minecraft) [STDOUT]: State = STARTING | Speed = 4.7999997
[06:39:32] [Server thread/INFO] (Minecraft) [STDOUT]: State = STARTING | Speed = 4.9999995
[06:39:32] [Server thread/INFO] (Minecraft) [STDOUT]: State = STARTING | Speed = 5.1999993
[06:39:32] [Server thread/INFO] (Minecraft) [STDOUT]: State = STARTING | Speed = 5.399999
[06:39:32] [Server thread/INFO] (Minecraft) [STDOUT]: State = STARTING | Speed = 5.599999
[06:39:32] [Server thread/INFO] (Minecraft) [STDOUT]: State = STARTING | Speed = 5.7999988
[06:39:32] [Server thread/INFO] (Minecraft) [STDOUT]: State = STARTING | Speed = 5.9999986
[06:39:32] [Server thread/INFO] (Minecraft) [STDOUT]: State = STARTING | Speed = 6.1999984
[06:39:32] [Server thread/INFO] (Minecraft) [STDOUT]: State = STARTING | Speed = 6.399998
[06:39:32] [Server thread/INFO] (Minecraft) [STDOUT]: State = STARTING | Speed = 6.599998
[06:39:32] [Server thread/INFO] (Minecraft) [STDOUT]: State = STARTING | Speed = 6.799998
[06:39:32] [Server thread/INFO] (Minecraft) [STDOUT]: State = STARTING | Speed = 6.9999976
[06:39:32] [Server thread/INFO] (Minecraft) [STDOUT]: State = STARTING | Speed = 7.1999974
[06:39:32] [Server thread/INFO] (Minecraft) [STDOUT]: State = STARTING | Speed = 7.399997
[06:39:32] [Server thread/INFO] (Minecraft) [STDOUT]: State = STARTING | Speed = 7.599997
[06:39:32] [Server thread/INFO] (Minecraft) [STDOUT]: State = STARTING | Speed = 7.799997
[06:39:32] [Server thread/INFO] (Minecraft) [STDOUT]: State = STARTING | Speed = 7.9999967
[06:39:32] [Render thread/INFO] (Minecraft) [STDOUT]: [BasicRotor] target=163.99997, render=164.79997, step=8.0
[06:39:32] [Server thread/INFO] (Minecraft) [STDOUT]: State = STARTING | Speed = 8.199997
[06:39:32] [Server thread/INFO] (Minecraft) [STDOUT]: State = STARTING | Speed = 8.399997
[06:39:32] [Server thread/INFO] (Minecraft) [STDOUT]: State = STARTING | Speed = 8.599997
[06:39:32] [Server thread/INFO] (Minecraft) [STDOUT]: State = STARTING | Speed = 8.799996
[06:39:33] [Server thread/INFO] (Minecraft) [STDOUT]: State = STARTING | Speed = 8.999996
[06:39:33] [Server thread/INFO] (Minecraft) [STDOUT]: State = STARTING | Speed = 9.199996
[06:39:33] [Server thread/INFO] (Minecraft) [STDOUT]: State = STARTING | Speed = 9.399996
[06:39:33] [Server thread/INFO] (Minecraft) [STDOUT]: State = STARTING | Speed = 9.599996
[06:39:33] [Server thread/INFO] (Minecraft) [STDOUT]: State = STARTING | Speed = 9.799995
[06:39:33] [Server thread/INFO] (Minecraft) [STDOUT]: State = STARTING | Speed = 9.999995
[06:39:33] [Server thread/INFO] (Minecraft) [STDOUT]: State = STARTING | Speed = 10.199995
[06:39:33] [Server thread/INFO] (Minecraft) [STDOUT]: State = STARTING | Speed = 10.399995
[06:39:33] [Server thread/INFO] (Minecraft) [STDOUT]: State = STARTING | Speed = 10.599995
[06:39:33] [Server thread/INFO] (Minecraft) [STDOUT]: State = STARTING | Speed = 10.799994
[06:39:33] [Server thread/INFO] (Minecraft) [STDOUT]: State = STARTING | Speed = 10.999994
[06:39:33] [Server thread/INFO] (Minecraft) [STDOUT]: State = STARTING | Speed = 11.199994
[06:39:33] [Server thread/INFO] (Minecraft) [STDOUT]: State = STARTING | Speed = 11.399994
[06:39:33] [Server thread/INFO] (Minecraft) [STDOUT]: State = STARTING | Speed = 11.599994
[06:39:33] [Server thread/INFO] (Minecraft) [STDOUT]: State = STARTING | Speed = 11.7999935
[06:39:33] [Server thread/INFO] (Minecraft) [STDOUT]: State = STARTING | Speed = 11.999993
[06:39:33] [Render thread/INFO] (Minecraft) [STDOUT]: [BasicRotor] target=5.999878, render=6.9999084, step=12.0
[06:39:33] [Server thread/INFO] (Minecraft) [STDOUT]: State = STARTING | Speed = 12.199993
[06:39:33] [Server thread/INFO] (Minecraft) [STDOUT]: State = STARTING | Speed = 12.399993
[06:39:33] [Server thread/INFO] (Minecraft) [STDOUT]: State = STARTING | Speed = 12.599993
[06:39:33] [Server thread/INFO] (Minecraft) [STDOUT]: State = STARTING | Speed = 12.799993
[06:39:34] [Server thread/INFO] (Minecraft) [STDOUT]: State = STARTING | Speed = 12.999992
[06:39:34] [Server thread/INFO] (Minecraft) [STDOUT]: State = STARTING | Speed = 13.199992
[06:39:34] [Server thread/INFO] (Minecraft) [STDOUT]: State = STARTING | Speed = 13.399992
[06:39:34] [Server thread/INFO] (Minecraft) [STDOUT]: State = STARTING | Speed = 13.599992
[06:39:34] [Server thread/INFO] (Minecraft) [STDOUT]: State = STARTING | Speed = 13.799992
[06:39:34] [Server thread/INFO] (Minecraft) [STDOUT]: State = STARTING | Speed = 13.999991
[06:39:34] [Server thread/INFO] (Minecraft) [STDOUT]: State = STARTING | Speed = 14.199991
[06:39:34] [Server thread/INFO] (Minecraft) [STDOUT]: State = STARTING | Speed = 14.399991
[06:39:34] [Server thread/INFO] (Minecraft) [STDOUT]: State = STARTING | Speed = 14.599991
[06:39:34] [Server thread/INFO] (Minecraft) [STDOUT]: State = STARTING | Speed = 14.799991
[06:39:34] [Server thread/INFO] (Minecraft) [STDOUT]: State = STARTING | Speed = 14.99999
[06:39:34] [Server thread/INFO] (Minecraft) [STDOUT]: State = STARTING | Speed = 15.19999
[06:39:34] [Server thread/INFO] (Minecraft) [STDOUT]: State = STARTING | Speed = 15.39999
[06:39:34] [Server thread/INFO] (Minecraft) [STDOUT]: State = STARTING | Speed = 15.59999
[06:39:34] [Server thread/INFO] (Minecraft) [STDOUT]: State = STARTING | Speed = 15.79999
[06:39:34] [Server thread/INFO] (Minecraft) [STDOUT]: State = STARTING | Speed = 15.9999895
[06:39:34] [Render thread/INFO] (Minecraft) [STDOUT]: [BasicRotor] target=287.99973, render=288.99976, step=16.0
[06:39:34] [Server thread/INFO] (Minecraft) [STDOUT]: State = STARTING | Speed = 16.19999
[06:39:34] [Server thread/INFO] (Minecraft) [STDOUT]: State = STARTING | Speed = 16.39999
[06:39:34] [Server thread/INFO] (Minecraft) [STDOUT]: State = STARTING | Speed = 16.59999
[06:39:34] [Server thread/INFO] (Minecraft) [STDOUT]: State = STARTING | Speed = 16.799992
[06:39:35] [Server thread/INFO] (Minecraft) [STDOUT]: State = STARTING | Speed = 16.999992
[06:39:35] [Server thread/INFO] (Minecraft) [STDOUT]: State = STARTING | Speed = 17.199993
[06:39:35] [Server thread/INFO] (Minecraft) [STDOUT]: State = STARTING | Speed = 17.399994
[06:39:35] [Server thread/INFO] (Minecraft) [STDOUT]: State = STARTING | Speed = 17.599995
[06:39:35] [Server thread/INFO] (Minecraft) [STDOUT]: State = STARTING | Speed = 17.799995
[06:39:35] [Server thread/INFO] (Minecraft) [STDOUT]: State = STARTING | Speed = 17.999996
[06:39:35] [Server thread/INFO] (Minecraft) [STDOUT]: State = STARTING | Speed = 18.199997
[06:39:35] [Server thread/INFO] (Minecraft) [STDOUT]: State = STARTING | Speed = 18.399998
[06:39:35] [Server thread/INFO] (Minecraft) [STDOUT]: State = STARTING | Speed = 18.599998
[06:39:35] [Server thread/INFO] (Minecraft) [STDOUT]: State = STARTING | Speed = 18.8
[06:39:35] [Server thread/INFO] (Minecraft) [STDOUT]: State = STARTING | Speed = 19.0
[06:39:35] [Server thread/INFO] (Minecraft) [STDOUT]: State = STARTING | Speed = 19.2
[06:39:35] [Server thread/INFO] (Minecraft) [STDOUT]: State = STARTING | Speed = 19.400002
[06:39:35] [Server thread/INFO] (Minecraft) [STDOUT]: State = STARTING | Speed = 19.600002
[06:39:35] [Server thread/INFO] (Minecraft) [STDOUT]: State = STARTING | Speed = 19.800003
[06:39:35] [Server thread/INFO] (Minecraft) [STDOUT]: State = STARTING | Speed = 20.000004
[06:39:35] [Render thread/INFO] (Minecraft) [STDOUT]: [BasicRotor] target=289.99963, render=291.19965, step=20.0
[06:39:35] [Server thread/INFO] (Minecraft) [STDOUT]: State = STARTING | Speed = 20.200005
[06:39:35] [Server thread/INFO] (Minecraft) [STDOUT]: State = STARTING | Speed = 20.400005
[06:39:35] [Server thread/INFO] (Minecraft) [STDOUT]: State = STARTING | Speed = 20.600006
[06:39:35] [Server thread/INFO] (Minecraft) [STDOUT]: State = STARTING | Speed = 20.800007
[06:39:36] [Server thread/INFO] (Minecraft) [STDOUT]: State = STARTING | Speed = 21.000008
[06:39:36] [Server thread/INFO] (Minecraft) [STDOUT]: State = STARTING | Speed = 21.200008
[06:39:36] [Server thread/INFO] (Minecraft) [STDOUT]: State = STARTING | Speed = 21.40001
[06:39:36] [Server thread/INFO] (Minecraft) [STDOUT]: State = STARTING | Speed = 21.60001
[06:39:36] [Server thread/INFO] (Minecraft) [STDOUT]: State = STARTING | Speed = 21.80001
[06:39:36] [Server thread/INFO] (Minecraft) [STDOUT]: State = STARTING | Speed = 22.000011
[06:39:36] [Server thread/INFO] (Minecraft) [STDOUT]: State = STARTING | Speed = 22.200012
[06:39:36] [Server thread/INFO] (Minecraft) [STDOUT]: State = STARTING | Speed = 22.400013
[06:39:36] [Server thread/INFO] (Minecraft) [STDOUT]: State = STARTING | Speed = 22.600014
[06:39:36] [Server thread/INFO] (Minecraft) [STDOUT]: State = STARTING | Speed = 22.800014
[06:39:36] [Server thread/INFO] (Minecraft) [STDOUT]: State = STARTING | Speed = 23.000015
[06:39:36] [Server thread/INFO] (Minecraft) [STDOUT]: State = STARTING | Speed = 23.200016
[06:39:36] [Server thread/INFO] (Minecraft) [STDOUT]: State = STARTING | Speed = 23.400017
[06:39:36] [Server thread/INFO] (Minecraft) [STDOUT]: State = STARTING | Speed = 23.600018
[06:39:36] [Server thread/INFO] (Minecraft) [STDOUT]: State = STARTING | Speed = 23.800018
[06:39:36] [Server thread/INFO] (Minecraft) [STDOUT]: State = STARTING | Speed = 24.00002
[06:39:36] [Render thread/INFO] (Minecraft) [STDOUT]: [BasicRotor] target=11.999878, render=13.399872, step=24.00003
[06:39:36] [Server thread/INFO] (Minecraft) [STDOUT]: State = STARTING | Speed = 24.20002
[06:39:36] [Server thread/INFO] (Minecraft) [STDOUT]: State = STARTING | Speed = 24.40002
[06:39:36] [Server thread/INFO] (Minecraft) [STDOUT]: State = STARTING | Speed = 24.600021
[06:39:36] [Server thread/INFO] (Minecraft) [STDOUT]: State = STARTING | Speed = 24.800022
[06:39:37] [Server thread/INFO] (Minecraft) [STDOUT]: State = STARTING | Speed = 25.000023
[06:39:37] [Server thread/INFO] (Minecraft) [STDOUT]: State = STARTING | Speed = 25.200024
[06:39:37] [Server thread/INFO] (Minecraft) [STDOUT]: State = STARTING | Speed = 25.400024
[06:39:37] [Server thread/INFO] (Minecraft) [STDOUT]: State = STARTING | Speed = 25.600025
[06:39:37] [Server thread/INFO] (Minecraft) [STDOUT]: State = STARTING | Speed = 25.800026
[06:39:37] [Server thread/INFO] (Minecraft) [STDOUT]: State = STARTING | Speed = 26.000027
[06:39:37] [Server thread/INFO] (Minecraft) [STDOUT]: State = STARTING | Speed = 26.200027
[06:39:37] [Server thread/INFO] (Minecraft) [STDOUT]: State = STARTING | Speed = 26.400028
[06:39:37] [Server thread/INFO] (Minecraft) [STDOUT]: State = STARTING | Speed = 26.600029
[06:39:37] [Server thread/INFO] (Minecraft) [STDOUT]: State = STARTING | Speed = 26.80003
[06:39:37] [Server thread/INFO] (Minecraft) [STDOUT]: State = STARTING | Speed = 27.00003
[06:39:37] [Server thread/INFO] (Minecraft) [STDOUT]: State = STARTING | Speed = 27.200031
[06:39:37] [Server thread/INFO] (Minecraft) [STDOUT]: State = STARTING | Speed = 27.400032
[06:39:37] [Server thread/INFO] (Minecraft) [STDOUT]: State = STARTING | Speed = 27.600033
[06:39:37] [Server thread/INFO] (Minecraft) [STDOUT]: State = STARTING | Speed = 27.800034
[06:39:37] [Server thread/INFO] (Minecraft) [STDOUT]: State = STARTING | Speed = 28.000034
[06:39:37] [Render thread/INFO] (Minecraft) [STDOUT]: [BasicRotor] target=174.00041, render=175.60042, step=28.00003
[06:39:37] [Server thread/INFO] (Minecraft) [STDOUT]: State = STARTING | Speed = 28.200035
[06:39:38] [Render thread/INFO] (Minecraft) [STDOUT]: [BasicRotor] target=174.00041, render=15.601044, step=28.00003
[06:39:39] [Render thread/INFO] (Minecraft) [STDOUT]: [BasicRotor] target=174.00041, render=215.60165, step=28.00003
[06:39:40] [Render thread/INFO] (Minecraft) [STDOUT]: [BasicRotor] target=174.00041, render=55.602264, step=28.00003
[06:39:41] [Render thread/INFO] (Minecraft) [STDOUT]: [BasicRotor] target=174.00041, render=255.60287, step=28.00003
[06:39:42] [Render thread/INFO] (Minecraft) [STDOUT]: [BasicRotor] target=174.00041, render=95.603485, step=28.00003
[06:39:43] [Render thread/INFO] (Minecraft) [STDOUT]: [BasicRotor] target=174.00041, render=295.6041, step=28.00003
[06:39:44] [Server thread/INFO] (Minecraft) [STDOUT]: State = STARTING | Speed = 28.400036
[06:39:44] [Server thread/INFO] (Minecraft) [STDOUT]: State = STARTING | Speed = 28.600037
[06:39:44] [Render thread/INFO] (Minecraft) [STDOUT]: [BasicRotor] target=259.2005, render=136.2047, step=28.600021
[06:39:44] [Server thread/INFO] (Minecraft) [STDOUT]: State = STARTING | Speed = 28.800037
[06:39:44] [Server thread/INFO] (Minecraft) [STDOUT]: State = STARTING | Speed = 29.000038
[06:39:44] [Server thread/INFO] (Minecraft) [STDOUT]: State = STARTING | Speed = 29.200039
[06:39:45] [Server thread/INFO] (Minecraft) [STDOUT]: State = STARTING | Speed = 29.40004
[06:39:45] [Server thread/INFO] (Minecraft) [STDOUT]: State = STARTING | Speed = 29.60004
[06:39:45] [Server thread/INFO] (Minecraft) [STDOUT]: State = STARTING | Speed = 29.800041
[06:39:45] [Server thread/INFO] (Minecraft) [STDOUT]: State = RUNNING | Speed = 30.0
[06:39:45] [Server thread/INFO] (Minecraft) [STDOUT]: State = RUNNING | Speed = 30.0
[06:39:45] [Server thread/INFO] (Minecraft) [STDOUT]: State = RUNNING | Speed = 30.0
[06:39:45] [Server thread/INFO] (Minecraft) [STDOUT]: State = RUNNING | Speed = 30.0
[06:39:45] [Server thread/INFO] (Minecraft) [STDOUT]: State = RUNNING | Speed = 30.0
[06:39:45] [Server thread/INFO] (Minecraft) [STDOUT]: State = RUNNING | Speed = 30.0
[06:39:45] [Server thread/INFO] (Minecraft) [STDOUT]: State = RUNNING | Speed = 30.0
[06:39:45] [Server thread/INFO] (Minecraft) [STDOUT]: State = RUNNING | Speed = 30.0
[06:39:45] [Server thread/INFO] (Minecraft) [STDOUT]: State = RUNNING | Speed = 30.0
[06:39:45] [Server thread/INFO] (Minecraft) [STDOUT]: State = RUNNING | Speed = 30.0
[06:39:45] [Server thread/INFO] (Minecraft) [STDOUT]: State = RUNNING | Speed = 30.0
[06:39:45] [Server thread/INFO] (Minecraft) [STDOUT]: State = RUNNING | Speed = 30.0
[06:39:45] [Server thread/INFO] (Minecraft) [STDOUT]: State = RUNNING | Speed = 30.0
[06:39:45] [Server thread/INFO] (Minecraft) [STDOUT]: State = RUNNING | Speed = 30.0
[06:39:45] [Render thread/INFO] (Minecraft) [STDOUT]: [BasicRotor] target=135.00073, render=10.60495, step=30.0
[06:39:45] [Server thread/INFO] (Minecraft) [STDOUT]: State = RUNNING | Speed = 30.0
[06:39:45] [Server thread/INFO] (Minecraft) [STDOUT]: State = RUNNING | Speed = 30.0
[06:39:45] [Server thread/INFO] (Minecraft) [STDOUT]: State = RUNNING | Speed = 30.0
[06:39:46] [Server thread/INFO] (Minecraft) [STDOUT]: State = RUNNING | Speed = 30.0
[06:39:46] [Server thread/INFO] (Minecraft) [STDOUT]: State = RUNNING | Speed = 30.0
[06:39:46] [Server thread/INFO] (Minecraft) [STDOUT]: State = RUNNING | Speed = 30.0
[06:39:46] [Server thread/INFO] (Minecraft) [STDOUT]: State = RUNNING | Speed = 30.0
[06:39:46] [Server thread/INFO] (Minecraft) [STDOUT]: State = RUNNING | Speed = 30.0
[06:39:46] [Server thread/INFO] (Minecraft) [STDOUT]: State = RUNNING | Speed = 30.0
[06:39:46] [Server thread/INFO] (Minecraft) [STDOUT]: State = RUNNING | Speed = 30.0
[06:39:46] [Server thread/INFO] (Minecraft) [STDOUT]: State = RUNNING | Speed = 30.0
[06:39:46] [Server thread/INFO] (Minecraft) [STDOUT]: State = RUNNING | Speed = 30.0
[06:39:46] [Server thread/INFO] (Minecraft) [STDOUT]: State = RUNNING | Speed = 30.0
[06:39:46] [Server thread/INFO] (Minecraft) [STDOUT]: State = RUNNING | Speed = 30.0
[06:39:46] [Server thread/INFO] (Minecraft) [STDOUT]: State = RUNNING | Speed = 30.0
[06:39:46] [Server thread/INFO] (Minecraft) [STDOUT]: State = RUNNING | Speed = 30.0
[06:39:46] [Server thread/INFO] (Minecraft) [STDOUT]: State = RUNNING | Speed = 30.0
[06:39:46] [Server thread/INFO] (Minecraft) [STDOUT]: State = RUNNING | Speed = 30.0
[06:39:46] [Server thread/INFO] (Minecraft) [STDOUT]: State = RUNNING | Speed = 30.0
[06:39:46] [Render thread/INFO] (Minecraft) [STDOUT]: [BasicRotor] target=345.00073, render=250.60495, step=30.0
[06:39:46] [Server thread/INFO] (Minecraft) [STDOUT]: State = RUNNING | Speed = 30.0
[06:39:46] [Server thread/INFO] (Minecraft) [STDOUT]: State = RUNNING | Speed = 30.0
[06:39:46] [Server thread/INFO] (Minecraft) [STDOUT]: State = RUNNING | Speed = 30.0
[06:39:46] [Server thread/INFO] (Minecraft) [STDOUT]: State = RUNNING | Speed = 30.0
[06:39:47] [Server thread/INFO] (Minecraft) [STDOUT]: State = RUNNING | Speed = 30.0
[06:39:47] [Server thread/INFO] (Minecraft) [STDOUT]: State = RUNNING | Speed = 30.0
[06:39:47] [Server thread/INFO] (Minecraft) [STDOUT]: State = RUNNING | Speed = 30.0
[06:39:47] [Server thread/INFO] (Minecraft) [STDOUT]: State = RUNNING | Speed = 30.0
[06:39:47] [Server thread/INFO] (Minecraft) [STDOUT]: State = RUNNING | Speed = 30.0
[06:39:47] [Server thread/INFO] (Minecraft) [STDOUT]: State = RUNNING | Speed = 30.0
[06:39:47] [Server thread/INFO] (Minecraft) [STDOUT]: State = RUNNING | Speed = 30.0
[06:39:47] [Server thread/INFO] (Minecraft) [STDOUT]: State = RUNNING | Speed = 30.0
[06:39:47] [Server thread/INFO] (Minecraft) [STDOUT]: State = RUNNING | Speed = 30.0
[06:39:47] [Server thread/INFO] (Minecraft) [STDOUT]: State = RUNNING | Speed = 30.0
[06:39:47] [Server thread/INFO] (Minecraft) [STDOUT]: State = RUNNING | Speed = 30.0
[06:39:47] [Server thread/INFO] (Minecraft) [STDOUT]: State = RUNNING | Speed = 30.0
[06:39:47] [Server thread/INFO] (Minecraft) [STDOUT]: State = RUNNING | Speed = 30.0
[06:39:47] [Server thread/INFO] (Minecraft) [STDOUT]: State = RUNNING | Speed = 30.0
[06:39:47] [Server thread/INFO] (Minecraft) [STDOUT]: State = RUNNING | Speed = 30.0
[06:39:47] [Server thread/INFO] (Minecraft) [STDOUT]: State = RUNNING | Speed = 30.0
[06:39:47] [Render thread/INFO] (Minecraft) [STDOUT]: [BasicRotor] target=225.00073, render=130.60495, step=30.0
[06:39:47] [Server thread/INFO] (Minecraft) [STDOUT]: State = RUNNING | Speed = 30.0
[06:39:47] [Server thread/INFO] (Minecraft) [STDOUT]: State = RUNNING | Speed = 30.0
[06:39:47] [Server thread/INFO] (Minecraft) [STDOUT]: State = RUNNING | Speed = 30.0
[06:39:47] [Server thread/INFO] (Minecraft) [STDOUT]: State = RUNNING | Speed = 30.0
[06:39:48] [Server thread/INFO] (Minecraft) [STDOUT]: State = RUNNING | Speed = 30.0
[06:39:48] [Server thread/INFO] (Minecraft) [STDOUT]: State = RUNNING | Speed = 30.0
[06:39:48] [Server thread/INFO] (Minecraft) [STDOUT]: State = RUNNING | Speed = 30.0
[06:39:48] [Server thread/INFO] (Minecraft) [STDOUT]: State = RUNNING | Speed = 30.0
[06:39:48] [Server thread/INFO] (Minecraft) [STDOUT]: State = RUNNING | Speed = 30.0
[06:39:48] [Server thread/INFO] (Minecraft) [STDOUT]: State = RUNNING | Speed = 30.0
[06:39:48] [Server thread/INFO] (Minecraft) [STDOUT]: State = RUNNING | Speed = 30.0
[06:39:48] [Server thread/INFO] (Minecraft) [STDOUT]: State = RUNNING | Speed = 30.0
[06:39:48] [Server thread/INFO] (Minecraft) [STDOUT]: State = RUNNING | Speed = 30.0
[06:39:48] [Server thread/INFO] (Minecraft) [STDOUT]: State = RUNNING | Speed = 30.0
[06:39:48] [Server thread/INFO] (Minecraft) [STDOUT]: State = RUNNING | Speed = 30.0
[06:39:48] [Server thread/INFO] (Minecraft) [STDOUT]: State = RUNNING | Speed = 30.0
[06:39:48] [Server thread/INFO] (Minecraft) [STDOUT]: State = RUNNING | Speed = 30.0
[06:39:48] [Server thread/INFO] (Minecraft) [STDOUT]: State = RUNNING | Speed = 30.0
[06:39:48] [Server thread/INFO] (Minecraft) [STDOUT]: State = RUNNING | Speed = 30.0
[06:39:48] [Server thread/INFO] (Minecraft) [STDOUT]: State = RUNNING | Speed = 30.0
[06:39:48] [Server thread/INFO] (Minecraft) [STDOUT]: State = RUNNING | Speed = 30.0
[06:39:48] [Render thread/INFO] (Minecraft) [STDOUT]: [BasicRotor] target=135.00073, render=10.60495, step=30.0
[06:39:48] [Server thread/INFO] (Minecraft) [STDOUT]: State = RUNNING | Speed = 30.0
[06:39:48] [Server thread/INFO] (Minecraft) [STDOUT]: State = RUNNING | Speed = 30.0
[06:39:48] [Server thread/INFO] (Minecraft) [STDOUT]: State = RUNNING | Speed = 30.0
[06:39:49] [Server thread/INFO] (Minecraft) [STDOUT]: State = RUNNING | Speed = 30.0
[06:39:49] [Server thread/INFO] (Minecraft) [STDOUT]: State = RUNNING | Speed = 30.0
[06:39:49] [Server thread/INFO] (Minecraft) [STDOUT]: State = RUNNING | Speed = 30.0
[06:39:49] [Server thread/INFO] (Minecraft) [STDOUT]: State = RUNNING | Speed = 30.0
[06:39:49] [Server thread/INFO] (Minecraft) [STDOUT]: State = RUNNING | Speed = 30.0
[06:39:49] [Server thread/INFO] (Minecraft) [STDOUT]: State = RUNNING | Speed = 30.0
[06:39:49] [Server thread/INFO] (Minecraft) [STDOUT]: State = RUNNING | Speed = 30.0
[06:39:49] [Server thread/INFO] (Minecraft) [STDOUT]: State = RUNNING | Speed = 30.0
[06:39:49] [Server thread/INFO] (Minecraft) [STDOUT]: State = RUNNING | Speed = 30.0
[06:39:49] [Server thread/INFO] (Minecraft) [STDOUT]: State = RUNNING | Speed = 30.0
[06:39:49] [Server thread/INFO] (Minecraft) [STDOUT]: State = RUNNING | Speed = 30.0
[06:39:49] [Server thread/INFO] (Minecraft) [STDOUT]: State = RUNNING | Speed = 30.0
[06:39:49] [Server thread/INFO] (Minecraft) [STDOUT]: State = RUNNING | Speed = 30.0
[06:39:49] [Server thread/INFO] (Minecraft) [STDOUT]: State = RUNNING | Speed = 30.0
[06:39:49] [Server thread/INFO] (Minecraft) [STDOUT]: State = RUNNING | Speed = 30.0
[06:39:49] [Server thread/INFO] (Minecraft) [STDOUT]: State = RUNNING | Speed = 30.0
[06:39:49] [Render thread/INFO] (Minecraft) [STDOUT]: [BasicRotor] target=345.00073, render=250.60495, step=30.0
[06:39:49] [Server thread/INFO] (Minecraft) [STDOUT]: State = RUNNING | Speed = 30.0
[06:39:49] [Server thread/INFO] (Minecraft) [STDOUT]: State = RUNNING | Speed = 30.0
[06:39:49] [Server thread/INFO] (Minecraft) [STDOUT]: State = RUNNING | Speed = 30.0
[06:39:49] [Server thread/INFO] (Minecraft) [STDOUT]: State = RUNNING | Speed = 30.0
[06:39:50] [Server thread/INFO] (Minecraft) [STDOUT]: State = RUNNING | Speed = 30.0
[06:39:50] [Server thread/INFO] (Minecraft) [STDOUT]: State = RUNNING | Speed = 30.0
[06:39:50] [Server thread/INFO] (Minecraft) [STDOUT]: State = RUNNING | Speed = 30.0
[06:39:50] [Server thread/INFO] (Minecraft) [STDOUT]: State = RUNNING | Speed = 30.0
[06:39:50] [Server thread/INFO] (Minecraft) [STDOUT]: State = RUNNING | Speed = 30.0
[06:39:50] [Server thread/INFO] (Minecraft) [STDOUT]: State = RUNNING | Speed = 30.0
[06:39:50] [Server thread/INFO] (Minecraft) [STDOUT]: State = RUNNING | Speed = 30.0
[06:39:50] [Server thread/INFO] (Minecraft) [STDOUT]: State = RUNNING | Speed = 30.0
[06:39:50] [Server thread/INFO] (Minecraft) [STDOUT]: State = RUNNING | Speed = 30.0
[06:39:50] [Server thread/INFO] (Minecraft) [STDOUT]: State = RUNNING | Speed = 30.0
[06:39:50] [Server thread/INFO] (Minecraft) [STDOUT]: State = RUNNING | Speed = 30.0
[06:39:50] [Server thread/INFO] (Minecraft) [STDOUT]: State = RUNNING | Speed = 30.0
[06:39:50] [Server thread/INFO] (Minecraft) [STDOUT]: State = RUNNING | Speed = 30.0
[06:39:50] [Server thread/INFO] (Minecraft) [STDOUT]: State = RUNNING | Speed = 30.0
[06:39:50] [Server thread/INFO] (Minecraft) [STDOUT]: State = RUNNING | Speed = 30.0
[06:39:50] [Server thread/INFO] (Minecraft) [STDOUT]: State = RUNNING | Speed = 30.0
[06:39:50] [Render thread/INFO] (Minecraft) [STDOUT]: [BasicRotor] target=225.00073, render=130.60495, step=30.0
[06:39:50] [Server thread/INFO] (Minecraft) [STDOUT]: State = RUNNING | Speed = 30.0
[06:39:50] [Server thread/INFO] (Minecraft) [STDOUT]: State = RUNNING | Speed = 30.0
[06:39:50] [Server thread/INFO] (Minecraft) [STDOUT]: State = RUNNING | Speed = 30.0
[06:39:50] [Server thread/INFO] (Minecraft) [STDOUT]: State = RUNNING | Speed = 30.0
[06:39:51] [Server thread/INFO] (Minecraft) [STDOUT]: State = RUNNING | Speed = 30.0
[06:39:51] [Server thread/INFO] (Minecraft) [STDOUT]: State = RUNNING | Speed = 30.0
[06:39:51] [Server thread/INFO] (Minecraft) [STDOUT]: State = RUNNING | Speed = 30.0
[06:39:51] [Server thread/INFO] (Minecraft) [STDOUT]: State = RUNNING | Speed = 30.0
[06:39:51] [Server thread/INFO] (Minecraft) [STDOUT]: State = RUNNING | Speed = 30.0
[06:39:51] [Server thread/INFO] (Minecraft) [STDOUT]: State = RUNNING | Speed = 30.0
[06:39:51] [Server thread/INFO] (Minecraft) [STDOUT]: State = RUNNING | Speed = 30.0
[06:39:51] [Server thread/INFO] (Minecraft) [STDOUT]: State = RUNNING | Speed = 30.0
[06:39:51] [Server thread/INFO] (Minecraft) [STDOUT]: State = RUNNING | Speed = 30.0
[06:39:51] [Server thread/INFO] (Minecraft) [STDOUT]: State = RUNNING | Speed = 30.0
[06:39:51] [Server thread/INFO] (Minecraft) [STDOUT]: State = RUNNING | Speed = 30.0
[06:39:51] [Server thread/INFO] (Minecraft) [STDOUT]: State = RUNNING | Speed = 30.0
[06:39:51] [Server thread/INFO] (Minecraft) [STDOUT]: State = RUNNING | Speed = 30.0
[06:39:51] [Server thread/INFO] (Minecraft) [STDOUT]: State = RUNNING | Speed = 30.0
[06:39:51] [Server thread/INFO] (Minecraft) [STDOUT]: State = RUNNING | Speed = 30.0
[06:39:51] [Server thread/INFO] (Minecraft) [STDOUT]: State = RUNNING | Speed = 30.0
[06:39:51] [Render thread/INFO] (Minecraft) [STDOUT]: [BasicRotor] target=105.00073, render=10.60495, step=30.0
[06:39:51] [Server thread/INFO] (Minecraft) [STDOUT]: State = RUNNING | Speed = 30.0
[06:39:51] [Server thread/INFO] (Minecraft) [STDOUT]: State = RUNNING | Speed = 30.0
[06:39:51] [Server thread/INFO] (Minecraft) [STDOUT]: State = RUNNING | Speed = 30.0
[06:39:51] [Server thread/INFO] (Minecraft) [STDOUT]: State = RUNNING | Speed = 30.0
[06:39:52] [Server thread/INFO] (Minecraft) [STDOUT]: State = RUNNING | Speed = 30.0
[06:39:52] [Server thread/INFO] (Minecraft) [STDOUT]: State = RUNNING | Speed = 30.0
[06:39:52] [Server thread/INFO] (Minecraft) [STDOUT]: State = RUNNING | Speed = 30.0
[06:39:52] [Server thread/INFO] (Minecraft) [STDOUT]: State = RUNNING | Speed = 30.0
[06:39:52] [Server thread/INFO] (Minecraft) [STDOUT]: State = RUNNING | Speed = 30.0
[06:39:52] [Server thread/INFO] (Minecraft) [STDOUT]: State = RUNNING | Speed = 30.0
[06:39:52] [Server thread/INFO] (Minecraft) [STDOUT]: State = RUNNING | Speed = 30.0
[06:39:52] [Server thread/INFO] (Minecraft) [STDOUT]: State = RUNNING | Speed = 30.0
[06:39:52] [Server thread/INFO] (Minecraft) [STDOUT]: State = RUNNING | Speed = 30.0
[06:39:52] [Server thread/INFO] (Minecraft) [STDOUT]: State = RUNNING | Speed = 30.0
[06:39:52] [Server thread/INFO] (Minecraft) [STDOUT]: State = RUNNING | Speed = 30.0
[06:39:52] [Server thread/INFO] (Minecraft) [STDOUT]: State = RUNNING | Speed = 30.0
[06:39:52] [Server thread/INFO] (Minecraft) [STDOUT]: State = RUNNING | Speed = 30.0
[06:39:52] [Server thread/INFO] (Minecraft) [STDOUT]: State = RUNNING | Speed = 30.0
[06:39:52] [Server thread/INFO] (Minecraft) [STDOUT]: State = RUNNING | Speed = 30.0
[06:39:52] [Server thread/INFO] (Minecraft) [STDOUT]: State = RUNNING | Speed = 30.0
[06:39:52] [Render thread/INFO] (Minecraft) [STDOUT]: [BasicRotor] target=345.00073, render=250.60495, step=30.0
[06:39:52] [Server thread/INFO] (Minecraft) [STDOUT]: State = RUNNING | Speed = 30.0
[06:39:52] [Server thread/INFO] (Minecraft) [STDOUT]: State = RUNNING | Speed = 30.0
[06:39:52] [Server thread/INFO] (Minecraft) [STDOUT]: State = RUNNING | Speed = 30.0
[06:39:52] [Server thread/INFO] (Minecraft) [STDOUT]: State = RUNNING | Speed = 30.0
[06:39:53] [Server thread/INFO] (Minecraft) [STDOUT]: State = RUNNING | Speed = 30.0
[06:39:53] [Server thread/INFO] (Minecraft) [STDOUT]: State = RUNNING | Speed = 30.0
[06:39:53] [Server thread/INFO] (Minecraft) [STDOUT]: State = RUNNING | Speed = 30.0
[06:39:53] [Server thread/INFO] (Minecraft) [STDOUT]: State = RUNNING | Speed = 30.0
[06:39:53] [Server thread/INFO] (Minecraft) [STDOUT]: State = RUNNING | Speed = 30.0
[06:39:53] [Server thread/INFO] (Minecraft) [STDOUT]: State = RUNNING | Speed = 30.0
[06:39:53] [Server thread/INFO] (Minecraft) [STDOUT]: State = RUNNING | Speed = 30.0
[06:39:53] [Server thread/INFO] (Minecraft) [STDOUT]: State = RUNNING | Speed = 30.0
[06:39:53] [Server thread/INFO] (Minecraft) [STDOUT]: State = RUNNING | Speed = 30.0
[06:39:53] [Server thread/INFO] (Minecraft) [STDOUT]: State = RUNNING | Speed = 30.0
[06:39:53] [Server thread/INFO] (Minecraft) [STDOUT]: State = RUNNING | Speed = 30.0
[06:39:53] [Server thread/INFO] (Minecraft) [STDOUT]: State = RUNNING | Speed = 30.0
[06:39:53] [Server thread/INFO] (Minecraft) [STDOUT]: State = RUNNING | Speed = 30.0
[06:39:53] [Server thread/INFO] (Minecraft) [STDOUT]: State = RUNNING | Speed = 30.0
[06:39:53] [Server thread/INFO] (Minecraft) [STDOUT]: State = RUNNING | Speed = 30.0
[06:39:53] [Server thread/INFO] (Minecraft) [STDOUT]: State = RUNNING | Speed = 30.0
[06:39:53] [Render thread/INFO] (Minecraft) [STDOUT]: [BasicRotor] target=225.00073, render=130.60495, step=30.0
[06:39:53] [Server thread/INFO] (Minecraft) [STDOUT]: State = RUNNING | Speed = 30.0
[06:39:53] [Server thread/INFO] (Minecraft) [STDOUT]: State = RUNNING | Speed = 30.0
[06:39:53] [Server thread/INFO] (Minecraft) [STDOUT]: State = RUNNING | Speed = 30.0
[06:39:53] [Server thread/INFO] (Minecraft) [STDOUT]: State = RUNNING | Speed = 30.0
[06:39:54] [Server thread/INFO] (Minecraft) [STDOUT]: State = RUNNING | Speed = 30.0
[06:39:54] [Server thread/INFO] (Minecraft) [STDOUT]: State = RUNNING | Speed = 30.0
[06:39:54] [Server thread/INFO] (Minecraft) [STDOUT]: State = RUNNING | Speed = 30.0
[06:39:54] [Server thread/INFO] (Minecraft) [STDOUT]: State = RUNNING | Speed = 30.0
[06:39:54] [Server thread/INFO] (Minecraft) [STDOUT]: State = RUNNING | Speed = 30.0
[06:39:54] [Server thread/INFO] (Minecraft) [STDOUT]: State = RUNNING | Speed = 30.0
[06:39:54] [Server thread/INFO] (Minecraft) [STDOUT]: State = RUNNING | Speed = 30.0
[06:39:54] [Server thread/INFO] (Minecraft) [STDOUT]: State = RUNNING | Speed = 30.0
[06:39:54] [Server thread/INFO] (Minecraft) [STDOUT]: State = RUNNING | Speed = 30.0
[06:39:54] [Server thread/INFO] (Minecraft) [STDOUT]: State = RUNNING | Speed = 30.0
[06:39:54] [Server thread/INFO] (Minecraft) [STDOUT]: State = RUNNING | Speed = 30.0
[06:39:54] [Server thread/INFO] (Minecraft) [STDOUT]: State = RUNNING | Speed = 30.0
[06:39:54] [Server thread/INFO] (Minecraft) [STDOUT]: State = RUNNING | Speed = 30.0
[06:39:54] [Server thread/INFO] (Minecraft) [STDOUT]: State = RUNNING | Speed = 30.0
[06:39:54] [Server thread/INFO] (Minecraft) [STDOUT]: State = RUNNING | Speed = 30.0
[06:39:54] [Server thread/INFO] (Minecraft) [STDOUT]: State = RUNNING | Speed = 30.0
[06:39:54] [Render thread/INFO] (Minecraft) [STDOUT]: [BasicRotor] target=105.00073, render=10.60495, step=30.0
[06:39:54] [Server thread/INFO] (Minecraft) [STDOUT]: State = RUNNING | Speed = 30.0
[06:39:54] [Server thread/INFO] (Minecraft) [STDOUT]: State = RUNNING | Speed = 30.0
[06:39:54] [Server thread/INFO] (Minecraft) [STDOUT]: State = RUNNING | Speed = 30.0
[06:39:54] [Server thread/INFO] (Minecraft) [STDOUT]: State = RUNNING | Speed = 30.0
[06:39:55] [Server thread/INFO] (Minecraft) [STDOUT]: State = RUNNING | Speed = 30.0
[06:39:55] [Server thread/INFO] (Minecraft) [STDOUT]: State = RUNNING | Speed = 30.0
[06:39:55] [Server thread/INFO] (Minecraft) [STDOUT]: State = RUNNING | Speed = 30.0
[06:39:55] [Server thread/INFO] (Minecraft) [STDOUT]: State = RUNNING | Speed = 30.0
[06:39:55] [Server thread/INFO] (Minecraft) [STDOUT]: State = RUNNING | Speed = 30.0
[06:39:55] [Server thread/INFO] (Minecraft) [STDOUT]: State = RUNNING | Speed = 30.0
[06:39:55] [Server thread/INFO] (Minecraft) [STDOUT]: State = RUNNING | Speed = 30.0
[06:39:55] [Server thread/INFO] (Minecraft) [STDOUT]: State = RUNNING | Speed = 30.0
[06:39:55] [Server thread/INFO] (Minecraft) [STDOUT]: State = RUNNING | Speed = 30.0
[06:39:55] [Server thread/INFO] (Minecraft) [STDOUT]: State = RUNNING | Speed = 30.0
[06:39:55] [Server thread/INFO] (Minecraft) [STDOUT]: State = RUNNING | Speed = 30.0
[06:39:55] [Server thread/INFO] (Minecraft) [STDOUT]: State = RUNNING | Speed = 30.0
[06:39:55] [Server thread/INFO] (Minecraft) [STDOUT]: State = RUNNING | Speed = 30.0
[06:39:55] [Server thread/INFO] (Minecraft) [STDOUT]: State = RUNNING | Speed = 30.0
[06:39:55] [Server thread/INFO] (Minecraft) [STDOUT]: State = RUNNING | Speed = 30.0
[06:39:55] [Server thread/INFO] (Minecraft) [STDOUT]: State = RUNNING | Speed = 30.0
[06:39:55] [Render thread/INFO] (Minecraft) [STDOUT]: [BasicRotor] target=345.00073, render=250.60495, step=30.0
[06:39:55] [Server thread/INFO] (Minecraft) [STDOUT]: State = RUNNING | Speed = 30.0
[06:39:55] [Server thread/INFO] (Minecraft) [STDOUT]: State = RUNNING | Speed = 30.0
[06:39:55] [Server thread/INFO] (Minecraft) [STDOUT]: State = RUNNING | Speed = 30.0
[06:39:55] [Server thread/INFO] (Minecraft) [STDOUT]: State = RUNNING | Speed = 30.0
[06:39:56] [Server thread/INFO] (Minecraft) [STDOUT]: State = RUNNING | Speed = 30.0
[06:39:56] [Server thread/INFO] (Minecraft) [STDOUT]: State = RUNNING | Speed = 30.0
[06:39:56] [Server thread/INFO] (Minecraft) [STDOUT]: State = RUNNING | Speed = 30.0
[06:39:56] [Server thread/INFO] (Minecraft) [STDOUT]: State = RUNNING | Speed = 30.0
[06:39:56] [Server thread/INFO] (Minecraft) [STDOUT]: State = RUNNING | Speed = 30.0
[06:39:56] [Server thread/INFO] (Minecraft) [STDOUT]: State = RUNNING | Speed = 30.0
[06:39:56] [Server thread/INFO] (Minecraft) [STDOUT]: State = RUNNING | Speed = 30.0
[06:39:56] [Server thread/INFO] (Minecraft) [STDOUT]: State = RUNNING | Speed = 30.0
[06:39:56] [Server thread/INFO] (Minecraft) [STDOUT]: State = RUNNING | Speed = 30.0
[06:39:56] [Server thread/INFO] (Minecraft) [STDOUT]: State = RUNNING | Speed = 30.0
[06:39:56] [Server thread/INFO] (Minecraft) [STDOUT]: State = RUNNING | Speed = 30.0
[06:39:56] [Server thread/INFO] (Minecraft) [STDOUT]: State = RUNNING | Speed = 30.0
[06:39:56] [Server thread/INFO] (Minecraft) [STDOUT]: State = RUNNING | Speed = 30.0
[06:39:56] [Server thread/INFO] (Minecraft) [STDOUT]: State = RUNNING | Speed = 30.0
[06:39:56] [Server thread/INFO] (Minecraft) [STDOUT]: State = RUNNING | Speed = 30.0
[06:39:56] [Server thread/INFO] (Minecraft) [STDOUT]: State = RUNNING | Speed = 30.0
[06:39:56] [Render thread/INFO] (Minecraft) [STDOUT]: [BasicRotor] target=225.00073, render=130.60495, step=30.0
[06:39:56] [Server thread/INFO] (Minecraft) [STDOUT]: State = RUNNING | Speed = 30.0
[06:39:56] [Server thread/INFO] (Minecraft) [STDOUT]: State = RUNNING | Speed = 30.0
[06:39:56] [Server thread/INFO] (Minecraft) [STDOUT]: State = RUNNING | Speed = 30.0
[06:39:56] [Server thread/INFO] (Minecraft) [STDOUT]: State = RUNNING | Speed = 30.0
[06:39:57] [Server thread/INFO] (Minecraft) [STDOUT]: State = RUNNING | Speed = 30.0
[06:39:57] [Server thread/INFO] (Minecraft) [STDOUT]: State = RUNNING | Speed = 30.0
[06:39:57] [Server thread/INFO] (Minecraft) [STDOUT]: State = RUNNING | Speed = 30.0
[06:39:57] [Server thread/INFO] (Minecraft) [STDOUT]: State = RUNNING | Speed = 30.0
[06:39:57] [Server thread/INFO] (Minecraft) [STDOUT]: State = RUNNING | Speed = 30.0
[06:39:57] [Server thread/INFO] (Minecraft) [STDOUT]: State = RUNNING | Speed = 30.0
[06:39:57] [Server thread/INFO] (Minecraft) [STDOUT]: State = RUNNING | Speed = 30.0
[06:39:57] [Server thread/INFO] (Minecraft) [STDOUT]: State = RUNNING | Speed = 30.0
[06:39:57] [Server thread/INFO] (Minecraft) [STDOUT]: State = RUNNING | Speed = 30.0
[06:39:57] [Server thread/INFO] (Minecraft) [STDOUT]: State = RUNNING | Speed = 30.0
[06:39:57] [Server thread/INFO] (Minecraft) [STDOUT]: State = RUNNING | Speed = 30.0
[06:39:57] [Server thread/INFO] (Minecraft) [STDOUT]: State = RUNNING | Speed = 30.0
[06:39:57] [Server thread/INFO] (Minecraft) [STDOUT]: State = RUNNING | Speed = 30.0
[06:39:57] [Server thread/INFO] (Minecraft) [STDOUT]: State = RUNNING | Speed = 30.0
[06:39:57] [Server thread/INFO] (Minecraft) [STDOUT]: State = RUNNING | Speed = 30.0
[06:39:57] [Server thread/INFO] (Minecraft) [STDOUT]: State = RUNNING | Speed = 30.0
[06:39:57] [Server thread/INFO] (Minecraft) [STDOUT]: State = RUNNING | Speed = 30.0
[06:39:57] [Render thread/INFO] (Minecraft) [STDOUT]: [BasicRotor] target=105.00073, render=10.60495, step=30.0
[06:39:57] [Server thread/INFO] (Minecraft) [STDOUT]: State = RUNNING | Speed = 30.0
[06:39:57] [Server thread/INFO] (Minecraft) [STDOUT]: State = RUNNING | Speed = 30.0
[06:39:57] [Server thread/INFO] (Minecraft) [STDOUT]: State = RUNNING | Speed = 30.0
[06:39:58] [Server thread/INFO] (Minecraft) [STDOUT]: State = RUNNING | Speed = 30.0
[06:39:58] [Server thread/INFO] (Minecraft) [STDOUT]: State = RUNNING | Speed = 30.0
[06:39:58] [Server thread/INFO] (Minecraft) [STDOUT]: State = RUNNING | Speed = 30.0
[06:39:58] [Server thread/INFO] (Minecraft) [STDOUT]: State = RUNNING | Speed = 30.0
[06:39:58] [Server thread/INFO] (Minecraft) [STDOUT]: State = RUNNING | Speed = 30.0
[06:39:58] [Server thread/INFO] (Minecraft) [STDOUT]: State = RUNNING | Speed = 30.0
[06:39:58] [Server thread/INFO] (Minecraft) [STDOUT]: State = RUNNING | Speed = 30.0
[06:39:58] [Server thread/INFO] (Minecraft) [STDOUT]: State = RUNNING | Speed = 30.0
[06:39:58] [Server thread/INFO] (Minecraft) [STDOUT]: State = RUNNING | Speed = 30.0
[06:39:58] [Server thread/INFO] (Minecraft) [STDOUT]: State = RUNNING | Speed = 30.0
[06:39:58] [Server thread/INFO] (Minecraft) [STDOUT]: State = RUNNING | Speed = 30.0
[06:39:58] [Server thread/INFO] (Minecraft) [STDOUT]: State = RUNNING | Speed = 30.0
[06:39:58] [Server thread/INFO] (Minecraft) [STDOUT]: State = RUNNING | Speed = 30.0
[06:39:58] [Server thread/INFO] (Minecraft) [STDOUT]: State = RUNNING | Speed = 30.0
[06:39:58] [Server thread/INFO] (Minecraft) [STDOUT]: State = RUNNING | Speed = 30.0
[06:39:58] [Server thread/INFO] (Minecraft) [STDOUT]: State = RUNNING | Speed = 30.0
[06:39:58] [Server thread/INFO] (Minecraft) [STDOUT]: State = RUNNING | Speed = 30.0
[06:39:58] [Render thread/INFO] (Minecraft) [STDOUT]: [BasicRotor] target=15.000732, render=250.60495, step=30.0
[06:39:58] [Server thread/INFO] (Minecraft) [STDOUT]: State = RUNNING | Speed = 30.0
[06:39:58] [Server thread/INFO] (Minecraft) [STDOUT]: State = RUNNING | Speed = 30.0
[06:39:58] [Server thread/INFO] (Minecraft) [STDOUT]: State = RUNNING | Speed = 30.0
[06:39:59] [Server thread/INFO] (Minecraft) [STDOUT]: State = RUNNING | Speed = 30.0
[06:39:59] [Server thread/INFO] (Minecraft) [STDOUT]: State = RUNNING | Speed = 30.0
[06:39:59] [Server thread/INFO] (Minecraft) [STDOUT]: State = RUNNING | Speed = 30.0
[06:39:59] [Server thread/INFO] (Minecraft) [STDOUT]: State = RUNNING | Speed = 30.0
[06:39:59] [Server thread/INFO] (Minecraft) [STDOUT]: State = RUNNING | Speed = 30.0
[06:39:59] [Server thread/INFO] (Minecraft) [STDOUT]: State = RUNNING | Speed = 30.0
[06:39:59] [Server thread/INFO] (Minecraft) [STDOUT]: State = RUNNING | Speed = 30.0
[06:39:59] [Server thread/INFO] (Minecraft) [STDOUT]: State = RUNNING | Speed = 30.0
[06:39:59] [Server thread/INFO] (Minecraft) [STDOUT]: State = RUNNING | Speed = 30.0
[06:39:59] [Server thread/INFO] (Minecraft) [STDOUT]: State = RUNNING | Speed = 30.0
[06:39:59] [Server thread/INFO] (Minecraft) [STDOUT]: State = RUNNING | Speed = 30.0
[06:39:59] [Server thread/INFO] (Minecraft) [STDOUT]: State = RUNNING | Speed = 30.0
[06:39:59] [Server thread/INFO] (Minecraft) [STDOUT]: State = RUNNING | Speed = 30.0
[06:39:59] [Server thread/INFO] (Minecraft) [STDOUT]: State = RUNNING | Speed = 30.0
[06:39:59] [Server thread/INFO] (Minecraft) [STDOUT]: State = RUNNING | Speed = 30.0
[06:39:59] [Server thread/INFO] (Minecraft) [STDOUT]: State = RUNNING | Speed = 30.0
[06:39:59] [Render thread/INFO] (Minecraft) [STDOUT]: [BasicRotor] target=225.00073, render=130.60495, step=30.0
[06:39:59] [Server thread/INFO] (Minecraft) [STDOUT]: State = RUNNING | Speed = 30.0
[06:39:59] [Server thread/INFO] (Minecraft) [STDOUT]: State = RUNNING | Speed = 30.0
[06:39:59] [Server thread/INFO] (Minecraft) [STDOUT]: State = RUNNING | Speed = 30.0
[06:39:59] [Server thread/INFO] (Minecraft) [STDOUT]: State = RUNNING | Speed = 30.0
[06:40:00] [Server thread/INFO] (Minecraft) [STDOUT]: State = RUNNING | Speed = 30.0
[06:40:00] [Server thread/INFO] (Minecraft) [STDOUT]: State = RUNNING | Speed = 30.0
[06:40:00] [Server thread/INFO] (Minecraft) [STDOUT]: State = RUNNING | Speed = 30.0
[06:40:00] [Server thread/INFO] (Minecraft) [STDOUT]: State = RUNNING | Speed = 30.0
[06:40:00] [Server thread/INFO] (Minecraft) [STDOUT]: State = RUNNING | Speed = 30.0
[06:40:00] [Server thread/INFO] (Minecraft) [STDOUT]: State = RUNNING | Speed = 30.0
[06:40:00] [Server thread/INFO] (Minecraft) [STDOUT]: State = RUNNING | Speed = 30.0
[06:40:00] [Server thread/INFO] (Minecraft) [STDOUT]: State = RUNNING | Speed = 30.0
[06:40:00] [Server thread/INFO] (Minecraft) [STDOUT]: State = RUNNING | Speed = 30.0
[06:40:00] [Server thread/INFO] (Minecraft) [STDOUT]: State = RUNNING | Speed = 30.0
[06:40:00] [Server thread/INFO] (Minecraft) [STDOUT]: State = RUNNING | Speed = 30.0
[06:40:00] [Server thread/INFO] (Minecraft) [STDOUT]: State = RUNNING | Speed = 30.0
[06:40:00] [Server thread/INFO] (Minecraft) [STDOUT]: State = RUNNING | Speed = 30.0
[06:40:00] [Server thread/INFO] (Minecraft) [STDOUT]: State = RUNNING | Speed = 30.0
[06:40:00] [Server thread/INFO] (Minecraft) [STDOUT]: State = RUNNING | Speed = 30.0
[06:40:00] [Server thread/INFO] (Minecraft) [STDOUT]: State = RUNNING | Speed = 30.0
[06:40:00] [Render thread/INFO] (Minecraft) [STDOUT]: [BasicRotor] target=105.00073, render=10.60495, step=30.0
[06:40:00] [Server thread/INFO] (Minecraft) [STDOUT]: State = RUNNING | Speed = 30.0
[06:40:00] [Server thread/INFO] (Minecraft) [STDOUT]: State = RUNNING | Speed = 30.0
[06:40:00] [Server thread/INFO] (Minecraft) [STDOUT]: State = RUNNING | Speed = 30.0
[06:40:00] [Server thread/INFO] (Minecraft) [STDOUT]: State = RUNNING | Speed = 30.0
[06:40:01] [Server thread/INFO] (Minecraft) [STDOUT]: State = RUNNING | Speed = 30.0
[06:40:01] [Server thread/INFO] (Minecraft) [STDOUT]: State = RUNNING | Speed = 30.0
[06:40:01] [Server thread/INFO] (Minecraft) [STDOUT]: State = RUNNING | Speed = 30.0
[06:40:01] [Server thread/INFO] (Minecraft) [STDOUT]: State = RUNNING | Speed = 30.0
[06:40:01] [Server thread/INFO] (Minecraft) [STDOUT]: State = RUNNING | Speed = 30.0
[06:40:01] [Server thread/INFO] (Minecraft) [STDOUT]: State = RUNNING | Speed = 30.0
[06:40:01] [Server thread/INFO] (Minecraft) [STDOUT]: State = RUNNING | Speed = 30.0
[06:40:01] [Server thread/INFO] (Minecraft) [STDOUT]: State = RUNNING | Speed = 30.0
[06:40:01] [Server thread/INFO] (Minecraft) [STDOUT]: State = RUNNING | Speed = 30.0
[06:40:01] [Server thread/INFO] (Minecraft) [STDOUT]: State = RUNNING | Speed = 30.0
[06:40:01] [Server thread/INFO] (Minecraft) [STDOUT]: State = RUNNING | Speed = 30.0
[06:40:01] [Server thread/INFO] (Minecraft) [STDOUT]: State = RUNNING | Speed = 30.0
[06:40:01] [Server thread/INFO] (Minecraft) [STDOUT]: State = RUNNING | Speed = 30.0
[06:40:01] [Server thread/INFO] (Minecraft) [STDOUT]: State = RUNNING | Speed = 30.0
[06:40:01] [Server thread/INFO] (Minecraft) [STDOUT]: State = RUNNING | Speed = 30.0
[06:40:01] [Server thread/INFO] (Minecraft) [STDOUT]: State = RUNNING | Speed = 30.0
[06:40:01] [Server thread/INFO] (Minecraft) [STDOUT]: State = RUNNING | Speed = 30.0
[06:40:01] [Render thread/INFO] (Minecraft) [STDOUT]: [BasicRotor] target=345.00073, render=250.60495, step=30.0
[06:40:01] [Server thread/INFO] (Minecraft) [STDOUT]: State = RUNNING | Speed = 30.0
[06:40:01] [Server thread/INFO] (Minecraft) [STDOUT]: State = RUNNING | Speed = 30.0
[06:40:01] [Server thread/INFO] (Minecraft) [STDOUT]: State = RUNNING | Speed = 30.0
[06:40:02] [Server thread/INFO] (Minecraft) [STDOUT]: State = RUNNING | Speed = 30.0
[06:40:02] [Server thread/INFO] (Minecraft) [STDOUT]: State = RUNNING | Speed = 30.0
[06:40:02] [Server thread/INFO] (Minecraft) [STDOUT]: State = RUNNING | Speed = 30.0
[06:40:02] [Server thread/INFO] (Minecraft) [STDOUT]: State = RUNNING | Speed = 30.0
[06:40:02] [Server thread/INFO] (Minecraft) [STDOUT]: State = RUNNING | Speed = 30.0
[06:40:02] [Server thread/INFO] (Minecraft) [STDOUT]: State = RUNNING | Speed = 30.0
[06:40:02] [Server thread/INFO] (Minecraft) [STDOUT]: State = RUNNING | Speed = 30.0
[06:40:02] [Server thread/INFO] (Minecraft) [STDOUT]: State = RUNNING | Speed = 30.0
[06:40:02] [Server thread/INFO] (Minecraft) [STDOUT]: State = RUNNING | Speed = 30.0
[06:40:02] [Server thread/INFO] (Minecraft) [STDOUT]: State = RUNNING | Speed = 30.0
[06:40:02] [Server thread/INFO] (Minecraft) [STDOUT]: State = RUNNING | Speed = 30.0
[06:40:02] [Server thread/INFO] (Minecraft) [STDOUT]: State = RUNNING | Speed = 30.0
[06:40:02] [Server thread/INFO] (Minecraft) [STDOUT]: State = RUNNING | Speed = 30.0
[06:40:02] [Server thread/INFO] (Minecraft) Saving and pausing game...
[06:40:02] [Server thread/INFO] (Minecraft) Saving chunks for level 'ServerLevel[New World]'/minecraft:overworld
[06:40:02] [Server thread/INFO] (Minecraft) Saving chunks for level 'ServerLevel[New World]'/minecraft:the_end
[06:40:02] [Server thread/INFO] (Minecraft) Saving chunks for level 'ServerLevel[New World]'/minecraft:the_nether
[06:40:02] [Render thread/INFO] (Minecraft) [STDOUT]: [BasicRotor] target=135.00073, render=130.60495, step=30.0
[06:40:03] [Render thread/INFO] (Minecraft) Stopping!
[06:40:03] [Server thread/INFO] (Minecraft) Stopping server
[06:40:03] [Server thread/INFO] (Minecraft) Saving players
[06:40:03] [Server thread/INFO] (Minecraft) Player137 lost connection: Bị mất kết nối
[06:40:03] [Server thread/INFO] (Minecraft) Player137 đã rời trò chơi
[06:40:03] [Server thread/INFO] (Minecraft) Stopping singleplayer server as player logged out
[06:40:03] [Server thread/INFO] (Minecraft) Saving worlds
[06:40:03] [Server thread/INFO] (Minecraft) Saving chunks for level 'ServerLevel[New World]'/minecraft:overworld
[06:40:03] [Server thread/INFO] (Minecraft) Saving chunks for level 'ServerLevel[New World]'/minecraft:the_end
[06:40:03] [Server thread/INFO] (Minecraft) Saving chunks for level 'ServerLevel[New World]'/minecraft:the_nether
[06:40:03] [Server thread/INFO] (Minecraft) ThreadedAnvilChunkStorage (world): All chunks are saved
[06:40:03] [Server thread/INFO] (Minecraft) ThreadedAnvilChunkStorage (DIM1): All chunks are saved
[06:40:03] [Server thread/INFO] (Minecraft) ThreadedAnvilChunkStorage (DIM-1): All chunks are saved
[06:40:03] [Server thread/INFO] (Minecraft) ThreadedAnvilChunkStorage: All dimensions are saved
